TimeQuest Timing Analyzer report for MIC1
Fri Aug 14 10:43:23 2026
Quartus II 32-bit Version 13.0.1 Build 232 06/12/2013 Service Pack 1 SJ Web Edition


---------------------
; Table of Contents ;
---------------------
  1. Legal Notice
  2. TimeQuest Timing Analyzer Summary
  3. Parallel Compilation
  4. Clocks
  5. Slow Model Fmax Summary
  6. Slow Model Setup Summary
  7. Slow Model Hold Summary
  8. Slow Model Recovery Summary
  9. Slow Model Removal Summary
 10. Slow Model Minimum Pulse Width Summary
 11. Propagation Delay
 12. Minimum Propagation Delay
 13. Fast Model Setup Summary
 14. Fast Model Hold Summary
 15. Fast Model Recovery Summary
 16. Fast Model Removal Summary
 17. Fast Model Minimum Pulse Width Summary
 18. Propagation Delay
 19. Minimum Propagation Delay
 20. Multicorner Timing Analysis Summary
 21. Progagation Delay
 22. Minimum Progagation Delay
 23. Clock Transfers
 24. Report TCCS
 25. Report RSKM
 26. Unconstrained Paths
 27. TimeQuest Timing Analyzer Messages



----------------
; Legal Notice ;
----------------
Copyright (C) 1991-2013 Altera Corporation
Your use of Altera Corporation's design tools, logic functions 
and other software and tools, and its AMPP partner logic 
functions, and any output files from any of the foregoing 
(including device programming or simulation files), and any 
associated documentation or information are expressly subject 
to the terms and conditions of the Altera Program License 
Subscription Agreement, Altera MegaCore Function License 
Agreement, or other applicable license agreement, including, 
without limitation, that your use is for the sole purpose of 
programming logic devices manufactured by Altera and sold by 
Altera or its authorized distributors.  Please refer to the 
applicable agreement for further details.



+----------------------------------------------------------------------------------------+
; TimeQuest Timing Analyzer Summary                                                      ;
+--------------------+-------------------------------------------------------------------+
; Quartus II Version ; Version 13.0.1 Build 232 06/12/2013 Service Pack 1 SJ Web Edition ;
; Revision Name      ; MIC1                                                              ;
; Device Family      ; Cyclone II                                                        ;
; Device Name        ; EP2C5F256C6                                                       ;
; Timing Models      ; Final                                                             ;
; Delay Model        ; Combined                                                          ;
; Rise/Fall Delays   ; Unavailable                                                       ;
+--------------------+-------------------------------------------------------------------+


Parallel compilation was disabled, but you have multiple processors available. Enable parallel compilation to reduce compilation time.
+-------------------------------------+
; Parallel Compilation                ;
+----------------------------+--------+
; Processors                 ; Number ;
+----------------------------+--------+
; Number detected on machine ; 4      ;
; Maximum allowed            ; 1      ;
+----------------------------+--------+


----------
; Clocks ;
----------
No clocks to report.


---------------------------
; Slow Model Fmax Summary ;
---------------------------
No paths to report.


----------------------------
; Slow Model Setup Summary ;
----------------------------
No paths to report.


---------------------------
; Slow Model Hold Summary ;
---------------------------
No paths to report.


-------------------------------
; Slow Model Recovery Summary ;
-------------------------------
No paths to report.


------------------------------
; Slow Model Removal Summary ;
------------------------------
No paths to report.


------------------------------------------
; Slow Model Minimum Pulse Width Summary ;
------------------------------------------
No paths to report.


+--------------------------------------------------------------+
; Propagation Delay                                            ;
+------------+-------------+--------+--------+--------+--------+
; Input Port ; Output Port ; RR     ; RF     ; FR     ; FF     ;
+------------+-------------+--------+--------+--------+--------+
; INPUT[0]   ; OUTPUT[0]   ; 9.613  ;        ;        ; 9.613  ;
; INPUT[0]   ; OUTPUT[8]   ; 10.408 ;        ;        ; 10.408 ;
; INPUT[0]   ; Z           ;        ; 12.929 ; 12.929 ;        ;
; INPUT[1]   ; OUTPUT[0]   ; 9.795  ;        ;        ; 9.795  ;
; INPUT[1]   ; OUTPUT[1]   ; 9.627  ;        ;        ; 9.627  ;
; INPUT[1]   ; OUTPUT[9]   ; 10.530 ;        ;        ; 10.530 ;
; INPUT[1]   ; Z           ;        ; 12.781 ; 12.781 ;        ;
; INPUT[2]   ; OUTPUT[1]   ; 9.796  ;        ;        ; 9.796  ;
; INPUT[2]   ; OUTPUT[2]   ; 9.987  ;        ;        ; 9.987  ;
; INPUT[2]   ; OUTPUT[10]  ; 10.474 ;        ;        ; 10.474 ;
; INPUT[2]   ; Z           ;        ; 12.497 ; 12.497 ;        ;
; INPUT[3]   ; OUTPUT[2]   ; 9.949  ;        ;        ; 9.949  ;
; INPUT[3]   ; OUTPUT[3]   ; 9.548  ;        ;        ; 9.548  ;
; INPUT[3]   ; OUTPUT[11]  ; 10.491 ;        ;        ; 10.491 ;
; INPUT[3]   ; Z           ;        ; 13.136 ; 13.136 ;        ;
; INPUT[4]   ; OUTPUT[3]   ; 10.136 ;        ;        ; 10.136 ;
; INPUT[4]   ; OUTPUT[4]   ; 10.348 ;        ;        ; 10.348 ;
; INPUT[4]   ; OUTPUT[12]  ; 11.061 ;        ;        ; 11.061 ;
; INPUT[4]   ; Z           ;        ; 13.091 ; 13.091 ;        ;
; INPUT[5]   ; OUTPUT[4]   ; 10.370 ;        ;        ; 10.370 ;
; INPUT[5]   ; OUTPUT[5]   ; 11.209 ;        ;        ; 11.209 ;
; INPUT[5]   ; OUTPUT[13]  ; 11.169 ;        ;        ; 11.169 ;
; INPUT[5]   ; Z           ;        ; 13.713 ; 13.713 ;        ;
; INPUT[6]   ; OUTPUT[5]   ; 10.609 ;        ;        ; 10.609 ;
; INPUT[6]   ; OUTPUT[6]   ; 10.878 ;        ;        ; 10.878 ;
; INPUT[6]   ; OUTPUT[14]  ; 10.724 ;        ;        ; 10.724 ;
; INPUT[6]   ; Z           ;        ; 13.113 ; 13.113 ;        ;
; INPUT[7]   ; OUTPUT[6]   ; 10.651 ;        ;        ; 10.651 ;
; INPUT[7]   ; OUTPUT[7]   ; 10.701 ;        ;        ; 10.701 ;
; INPUT[7]   ; OUTPUT[15]  ; 11.363 ;        ;        ; 11.363 ;
; INPUT[7]   ; Z           ;        ; 12.919 ; 12.919 ;        ;
; INPUT[8]   ; OUTPUT[7]   ; 10.547 ;        ;        ; 10.547 ;
; INPUT[8]   ; OUTPUT[8]   ; 10.330 ;        ;        ; 10.330 ;
; INPUT[8]   ; OUTPUT[16]  ; 11.101 ;        ;        ; 11.101 ;
; INPUT[8]   ; Z           ;        ; 13.399 ; 13.399 ;        ;
; INPUT[9]   ; OUTPUT[8]   ; 10.744 ;        ;        ; 10.744 ;
; INPUT[9]   ; OUTPUT[9]   ; 9.949  ;        ;        ; 9.949  ;
; INPUT[9]   ; OUTPUT[17]  ; 10.582 ;        ;        ; 10.582 ;
; INPUT[9]   ; Z           ;        ; 13.265 ; 13.265 ;        ;
; INPUT[10]  ; OUTPUT[9]   ; 10.347 ;        ;        ; 10.347 ;
; INPUT[10]  ; OUTPUT[10]  ; 9.586  ;        ;        ; 9.586  ;
; INPUT[10]  ; OUTPUT[18]  ; 10.791 ;        ;        ; 10.791 ;
; INPUT[10]  ; Z           ;        ; 12.762 ; 12.762 ;        ;
; INPUT[11]  ; OUTPUT[10]  ; 11.042 ;        ;        ; 11.042 ;
; INPUT[11]  ; OUTPUT[11]  ; 10.321 ;        ;        ; 10.321 ;
; INPUT[11]  ; OUTPUT[19]  ; 11.873 ;        ;        ; 11.873 ;
; INPUT[11]  ; Z           ;        ; 14.199 ; 14.199 ;        ;
; INPUT[12]  ; OUTPUT[11]  ; 11.118 ;        ;        ; 11.118 ;
; INPUT[12]  ; OUTPUT[12]  ; 10.420 ;        ;        ; 10.420 ;
; INPUT[12]  ; OUTPUT[20]  ; 10.900 ;        ;        ; 10.900 ;
; INPUT[12]  ; Z           ;        ; 13.763 ; 13.763 ;        ;
; INPUT[13]  ; OUTPUT[12]  ; 10.773 ;        ;        ; 10.773 ;
; INPUT[13]  ; OUTPUT[13]  ; 9.902  ;        ;        ; 9.902  ;
; INPUT[13]  ; OUTPUT[21]  ; 10.818 ;        ;        ; 10.818 ;
; INPUT[13]  ; Z           ;        ; 12.803 ; 12.803 ;        ;
; INPUT[14]  ; OUTPUT[13]  ; 11.473 ;        ;        ; 11.473 ;
; INPUT[14]  ; OUTPUT[14]  ; 10.519 ;        ;        ; 10.519 ;
; INPUT[14]  ; OUTPUT[22]  ; 11.522 ;        ;        ; 11.522 ;
; INPUT[14]  ; Z           ;        ; 13.654 ; 13.654 ;        ;
; INPUT[15]  ; OUTPUT[14]  ; 10.653 ;        ;        ; 10.653 ;
; INPUT[15]  ; OUTPUT[15]  ; 10.343 ;        ;        ; 10.343 ;
; INPUT[15]  ; OUTPUT[23]  ; 11.476 ;        ;        ; 11.476 ;
; INPUT[15]  ; Z           ;        ; 13.638 ; 13.638 ;        ;
; INPUT[16]  ; OUTPUT[15]  ; 12.027 ;        ;        ; 12.027 ;
; INPUT[16]  ; OUTPUT[16]  ; 11.107 ;        ;        ; 11.107 ;
; INPUT[16]  ; OUTPUT[24]  ; 10.683 ;        ;        ; 10.683 ;
; INPUT[16]  ; Z           ;        ; 13.583 ; 13.583 ;        ;
; INPUT[17]  ; OUTPUT[16]  ; 7.362  ;        ;        ; 7.362  ;
; INPUT[17]  ; OUTPUT[17]  ; 6.032  ;        ;        ; 6.032  ;
; INPUT[17]  ; OUTPUT[25]  ; 6.706  ;        ;        ; 6.706  ;
; INPUT[17]  ; Z           ;        ; 9.660  ; 9.660  ;        ;
; INPUT[18]  ; OUTPUT[17]  ; 6.818  ;        ;        ; 6.818  ;
; INPUT[18]  ; OUTPUT[18]  ; 6.138  ;        ;        ; 6.138  ;
; INPUT[18]  ; OUTPUT[26]  ; 6.628  ;        ;        ; 6.628  ;
; INPUT[18]  ; Z           ;        ; 9.374  ; 9.374  ;        ;
; INPUT[19]  ; OUTPUT[18]  ; 6.901  ;        ;        ; 6.901  ;
; INPUT[19]  ; OUTPUT[19]  ; 6.312  ;        ;        ; 6.312  ;
; INPUT[19]  ; OUTPUT[27]  ; 6.561  ;        ;        ; 6.561  ;
; INPUT[19]  ; Z           ;        ; 9.640  ; 9.640  ;        ;
; INPUT[20]  ; OUTPUT[19]  ; 7.486  ;        ;        ; 7.486  ;
; INPUT[20]  ; OUTPUT[20]  ; 6.403  ;        ;        ; 6.403  ;
; INPUT[20]  ; OUTPUT[28]  ; 7.614  ;        ;        ; 7.614  ;
; INPUT[20]  ; Z           ;        ; 9.812  ; 9.812  ;        ;
; INPUT[21]  ; OUTPUT[20]  ; 10.532 ;        ;        ; 10.532 ;
; INPUT[21]  ; OUTPUT[21]  ; 10.402 ;        ;        ; 10.402 ;
; INPUT[21]  ; OUTPUT[29]  ; 11.022 ;        ;        ; 11.022 ;
; INPUT[21]  ; Z           ;        ; 12.807 ; 12.807 ;        ;
; INPUT[22]  ; OUTPUT[21]  ; 10.920 ;        ;        ; 10.920 ;
; INPUT[22]  ; OUTPUT[22]  ; 10.163 ;        ;        ; 10.163 ;
; INPUT[22]  ; OUTPUT[30]  ; 10.178 ;        ;        ; 10.178 ;
; INPUT[22]  ; Z           ;        ; 13.200 ; 13.200 ;        ;
; INPUT[23]  ; N           ; 10.729 ;        ;        ; 10.729 ;
; INPUT[23]  ; OUTPUT[22]  ; 10.921 ;        ;        ; 10.921 ;
; INPUT[23]  ; OUTPUT[23]  ; 10.112 ;        ;        ; 10.112 ;
; INPUT[23]  ; OUTPUT[31]  ; 10.136 ;        ;        ; 10.136 ;
; INPUT[23]  ; Z           ;        ; 13.595 ; 13.595 ;        ;
; INPUT[24]  ; OUTPUT[23]  ; 11.286 ;        ;        ; 11.286 ;
; INPUT[24]  ; OUTPUT[24]  ; 10.038 ;        ;        ; 10.038 ;
; INPUT[24]  ; Z           ;        ; 13.448 ; 13.448 ;        ;
; INPUT[25]  ; OUTPUT[24]  ; 10.981 ;        ;        ; 10.981 ;
; INPUT[25]  ; OUTPUT[25]  ; 10.310 ;        ;        ; 10.310 ;
; INPUT[25]  ; Z           ;        ; 13.878 ; 13.878 ;        ;
; INPUT[26]  ; OUTPUT[25]  ; 10.372 ;        ;        ; 10.372 ;
; INPUT[26]  ; OUTPUT[26]  ; 10.197 ;        ;        ; 10.197 ;
; INPUT[26]  ; Z           ;        ; 12.963 ; 12.963 ;        ;
; INPUT[27]  ; OUTPUT[26]  ; 10.341 ;        ;        ; 10.341 ;
; INPUT[27]  ; OUTPUT[27]  ; 10.089 ;        ;        ; 10.089 ;
; INPUT[27]  ; Z           ;        ; 13.168 ; 13.168 ;        ;
; INPUT[28]  ; OUTPUT[27]  ; 10.234 ;        ;        ; 10.234 ;
; INPUT[28]  ; OUTPUT[28]  ; 11.059 ;        ;        ; 11.059 ;
; INPUT[28]  ; Z           ;        ; 13.313 ; 13.313 ;        ;
; INPUT[29]  ; OUTPUT[28]  ; 11.526 ;        ;        ; 11.526 ;
; INPUT[29]  ; OUTPUT[29]  ; 10.218 ;        ;        ; 10.218 ;
; INPUT[29]  ; Z           ;        ; 12.432 ; 12.432 ;        ;
; INPUT[30]  ; OUTPUT[29]  ; 10.736 ;        ;        ; 10.736 ;
; INPUT[30]  ; OUTPUT[30]  ; 10.531 ;        ;        ; 10.531 ;
; INPUT[30]  ; Z           ;        ; 13.553 ; 13.553 ;        ;
; INPUT[31]  ; N           ; 10.690 ;        ;        ; 10.690 ;
; INPUT[31]  ; OUTPUT[30]  ; 10.798 ;        ;        ; 10.798 ;
; INPUT[31]  ; OUTPUT[31]  ; 10.097 ;        ;        ; 10.097 ;
; INPUT[31]  ; Z           ;        ; 13.820 ; 13.820 ;        ;
; MIR[22]    ; N           ; 10.751 ; 10.751 ; 10.751 ; 10.751 ;
; MIR[22]    ; OUTPUT[0]   ; 10.535 ; 10.535 ; 10.535 ; 10.535 ;
; MIR[22]    ; OUTPUT[1]   ; 10.540 ; 10.540 ; 10.540 ; 10.540 ;
; MIR[22]    ; OUTPUT[2]   ; 10.613 ; 10.613 ; 10.613 ; 10.613 ;
; MIR[22]    ; OUTPUT[3]   ; 10.230 ; 10.230 ; 10.230 ; 10.230 ;
; MIR[22]    ; OUTPUT[4]   ; 10.554 ; 10.554 ; 10.554 ; 10.554 ;
; MIR[22]    ; OUTPUT[5]   ; 11.183 ; 11.183 ; 11.183 ; 11.183 ;
; MIR[22]    ; OUTPUT[6]   ; 10.907 ; 10.907 ; 10.907 ; 10.907 ;
; MIR[22]    ; OUTPUT[7]   ; 10.812 ; 10.812 ; 10.812 ; 10.812 ;
; MIR[22]    ; OUTPUT[8]   ; 11.067 ; 11.067 ; 11.067 ; 11.067 ;
; MIR[22]    ; OUTPUT[9]   ; 11.313 ; 11.313 ; 11.313 ; 11.313 ;
; MIR[22]    ; OUTPUT[10]  ; 11.256 ; 11.256 ; 11.256 ; 11.256 ;
; MIR[22]    ; OUTPUT[11]  ; 11.136 ; 11.136 ; 11.136 ; 11.136 ;
; MIR[22]    ; OUTPUT[12]  ; 11.065 ; 11.065 ; 11.065 ; 11.065 ;
; MIR[22]    ; OUTPUT[13]  ; 10.879 ; 10.879 ; 10.879 ; 10.879 ;
; MIR[22]    ; OUTPUT[14]  ; 10.752 ; 10.752 ; 10.752 ; 10.752 ;
; MIR[22]    ; OUTPUT[15]  ; 11.461 ; 11.461 ; 11.461 ; 11.461 ;
; MIR[22]    ; OUTPUT[16]  ; 11.220 ; 11.220 ; 11.220 ; 11.220 ;
; MIR[22]    ; OUTPUT[17]  ; 11.239 ; 11.239 ; 11.239 ; 11.239 ;
; MIR[22]    ; OUTPUT[18]  ; 11.363 ; 11.363 ; 11.363 ; 11.363 ;
; MIR[22]    ; OUTPUT[19]  ; 11.776 ; 11.776 ; 11.776 ; 11.776 ;
; MIR[22]    ; OUTPUT[20]  ; 10.857 ; 10.857 ; 10.857 ; 10.857 ;
; MIR[22]    ; OUTPUT[21]  ; 11.259 ; 11.259 ; 11.259 ; 11.259 ;
; MIR[22]    ; OUTPUT[22]  ; 10.934 ; 10.934 ; 10.934 ; 10.934 ;
; MIR[22]    ; OUTPUT[23]  ; 11.922 ; 11.922 ; 11.922 ; 11.922 ;
; MIR[22]    ; OUTPUT[24]  ; 11.485 ; 11.485 ; 11.485 ; 11.485 ;
; MIR[22]    ; OUTPUT[25]  ; 11.106 ; 11.106 ; 11.106 ; 11.106 ;
; MIR[22]    ; OUTPUT[26]  ; 11.053 ; 11.053 ; 11.053 ; 11.053 ;
; MIR[22]    ; OUTPUT[27]  ; 11.054 ; 11.054 ; 11.054 ; 11.054 ;
; MIR[22]    ; OUTPUT[28]  ; 11.864 ; 11.864 ; 11.864 ; 11.864 ;
; MIR[22]    ; OUTPUT[29]  ; 11.066 ; 11.066 ; 11.066 ; 11.066 ;
; MIR[22]    ; OUTPUT[30]  ; 10.855 ; 10.855 ; 10.855 ; 10.855 ;
; MIR[22]    ; OUTPUT[31]  ; 10.158 ; 10.158 ; 10.158 ; 10.158 ;
; MIR[22]    ; Z           ; 14.382 ; 14.382 ; 14.382 ; 14.382 ;
; MIR[23]    ; N           ; 11.715 ; 11.715 ; 11.715 ; 11.715 ;
; MIR[23]    ; OUTPUT[0]   ; 10.352 ; 10.352 ; 10.352 ; 10.352 ;
; MIR[23]    ; OUTPUT[1]   ; 10.361 ; 10.361 ; 10.361 ; 10.361 ;
; MIR[23]    ; OUTPUT[2]   ; 10.554 ; 10.554 ; 10.554 ; 10.554 ;
; MIR[23]    ; OUTPUT[3]   ; 10.148 ; 10.148 ; 10.148 ; 10.148 ;
; MIR[23]    ; OUTPUT[4]   ; 10.356 ; 10.356 ; 10.356 ; 10.356 ;
; MIR[23]    ; OUTPUT[5]   ; 11.780 ; 11.780 ; 11.780 ; 11.780 ;
; MIR[23]    ; OUTPUT[6]   ; 11.774 ; 11.774 ; 11.774 ; 11.774 ;
; MIR[23]    ; OUTPUT[7]   ; 11.681 ; 11.681 ; 11.681 ; 11.681 ;
; MIR[23]    ; OUTPUT[8]   ; 11.010 ; 11.010 ; 11.010 ; 11.010 ;
; MIR[23]    ; OUTPUT[9]   ; 11.080 ; 11.080 ; 11.080 ; 11.080 ;
; MIR[23]    ; OUTPUT[10]  ; 11.021 ; 11.021 ; 11.021 ; 11.021 ;
; MIR[23]    ; OUTPUT[11]  ; 11.078 ; 11.078 ; 11.078 ; 11.078 ;
; MIR[23]    ; OUTPUT[12]  ; 12.270 ; 12.270 ; 12.270 ; 12.270 ;
; MIR[23]    ; OUTPUT[13]  ; 11.851 ; 11.851 ; 11.851 ; 11.851 ;
; MIR[23]    ; OUTPUT[14]  ; 11.448 ; 11.448 ; 11.448 ; 11.448 ;
; MIR[23]    ; OUTPUT[15]  ; 12.157 ; 12.157 ; 12.157 ; 12.157 ;
; MIR[23]    ; OUTPUT[16]  ; 11.916 ; 11.916 ; 11.916 ; 11.916 ;
; MIR[23]    ; OUTPUT[17]  ; 11.446 ; 11.446 ; 11.446 ; 11.446 ;
; MIR[23]    ; OUTPUT[18]  ; 11.284 ; 11.284 ; 11.284 ; 11.284 ;
; MIR[23]    ; OUTPUT[19]  ; 12.198 ; 12.198 ; 12.198 ; 12.198 ;
; MIR[23]    ; OUTPUT[20]  ; 12.076 ; 12.076 ; 12.076 ; 12.076 ;
; MIR[23]    ; OUTPUT[21]  ; 12.342 ; 12.342 ; 12.342 ; 12.342 ;
; MIR[23]    ; OUTPUT[22]  ; 11.897 ; 11.897 ; 11.897 ; 11.897 ;
; MIR[23]    ; OUTPUT[23]  ; 12.123 ; 12.123 ; 12.123 ; 12.123 ;
; MIR[23]    ; OUTPUT[24]  ; 11.432 ; 11.432 ; 11.432 ; 11.432 ;
; MIR[23]    ; OUTPUT[25]  ; 11.289 ; 11.289 ; 11.289 ; 11.289 ;
; MIR[23]    ; OUTPUT[26]  ; 11.245 ; 11.245 ; 11.245 ; 11.245 ;
; MIR[23]    ; OUTPUT[27]  ; 10.969 ; 10.969 ; 10.969 ; 10.969 ;
; MIR[23]    ; OUTPUT[28]  ; 12.319 ; 12.319 ; 12.319 ; 12.319 ;
; MIR[23]    ; OUTPUT[29]  ; 12.270 ; 12.270 ; 12.270 ; 12.270 ;
; MIR[23]    ; OUTPUT[30]  ; 12.088 ; 12.088 ; 12.088 ; 12.088 ;
; MIR[23]    ; OUTPUT[31]  ; 11.122 ; 11.122 ; 11.122 ; 11.122 ;
; MIR[23]    ; Z           ; 15.110 ; 15.110 ; 15.110 ; 15.110 ;
+------------+-------------+--------+--------+--------+--------+


+--------------------------------------------------------------+
; Minimum Propagation Delay                                    ;
+------------+-------------+--------+--------+--------+--------+
; Input Port ; Output Port ; RR     ; RF     ; FR     ; FF     ;
+------------+-------------+--------+--------+--------+--------+
; INPUT[0]   ; OUTPUT[0]   ; 9.613  ;        ;        ; 9.613  ;
; INPUT[0]   ; OUTPUT[8]   ; 10.408 ;        ;        ; 10.408 ;
; INPUT[0]   ; Z           ;        ; 11.201 ; 11.201 ;        ;
; INPUT[1]   ; OUTPUT[0]   ; 9.795  ;        ;        ; 9.795  ;
; INPUT[1]   ; OUTPUT[1]   ; 9.627  ;        ;        ; 9.627  ;
; INPUT[1]   ; OUTPUT[9]   ; 10.530 ;        ;        ; 10.530 ;
; INPUT[1]   ; Z           ;        ; 11.383 ; 11.383 ;        ;
; INPUT[2]   ; OUTPUT[1]   ; 9.796  ;        ;        ; 9.796  ;
; INPUT[2]   ; OUTPUT[2]   ; 9.987  ;        ;        ; 9.987  ;
; INPUT[2]   ; OUTPUT[10]  ; 10.474 ;        ;        ; 10.474 ;
; INPUT[2]   ; Z           ;        ; 11.848 ; 11.848 ;        ;
; INPUT[3]   ; OUTPUT[2]   ; 9.949  ;        ;        ; 9.949  ;
; INPUT[3]   ; OUTPUT[3]   ; 9.548  ;        ;        ; 9.548  ;
; INPUT[3]   ; OUTPUT[11]  ; 10.491 ;        ;        ; 10.491 ;
; INPUT[3]   ; Z           ;        ; 12.318 ; 12.318 ;        ;
; INPUT[4]   ; OUTPUT[3]   ; 10.136 ;        ;        ; 10.136 ;
; INPUT[4]   ; OUTPUT[4]   ; 10.348 ;        ;        ; 10.348 ;
; INPUT[4]   ; OUTPUT[12]  ; 11.061 ;        ;        ; 11.061 ;
; INPUT[4]   ; Z           ;        ; 12.632 ; 12.632 ;        ;
; INPUT[5]   ; OUTPUT[4]   ; 10.370 ;        ;        ; 10.370 ;
; INPUT[5]   ; OUTPUT[5]   ; 11.209 ;        ;        ; 11.209 ;
; INPUT[5]   ; OUTPUT[13]  ; 11.169 ;        ;        ; 11.169 ;
; INPUT[5]   ; Z           ;        ; 12.654 ; 12.654 ;        ;
; INPUT[6]   ; OUTPUT[5]   ; 10.609 ;        ;        ; 10.609 ;
; INPUT[6]   ; OUTPUT[6]   ; 10.878 ;        ;        ; 10.878 ;
; INPUT[6]   ; OUTPUT[14]  ; 10.724 ;        ;        ; 10.724 ;
; INPUT[6]   ; Z           ;        ; 12.753 ; 12.753 ;        ;
; INPUT[7]   ; OUTPUT[6]   ; 10.651 ;        ;        ; 10.651 ;
; INPUT[7]   ; OUTPUT[7]   ; 10.701 ;        ;        ; 10.701 ;
; INPUT[7]   ; OUTPUT[15]  ; 11.363 ;        ;        ; 11.363 ;
; INPUT[7]   ; Z           ;        ; 12.520 ; 12.520 ;        ;
; INPUT[8]   ; OUTPUT[7]   ; 10.547 ;        ;        ; 10.547 ;
; INPUT[8]   ; OUTPUT[8]   ; 10.330 ;        ;        ; 10.330 ;
; INPUT[8]   ; OUTPUT[16]  ; 11.101 ;        ;        ; 11.101 ;
; INPUT[8]   ; Z           ;        ; 12.366 ; 12.366 ;        ;
; INPUT[9]   ; OUTPUT[8]   ; 10.744 ;        ;        ; 10.744 ;
; INPUT[9]   ; OUTPUT[9]   ; 9.949  ;        ;        ; 9.949  ;
; INPUT[9]   ; OUTPUT[17]  ; 10.582 ;        ;        ; 10.582 ;
; INPUT[9]   ; Z           ;        ; 12.200 ; 12.200 ;        ;
; INPUT[10]  ; OUTPUT[9]   ; 10.347 ;        ;        ; 10.347 ;
; INPUT[10]  ; OUTPUT[10]  ; 9.586  ;        ;        ; 9.586  ;
; INPUT[10]  ; OUTPUT[18]  ; 10.791 ;        ;        ; 10.791 ;
; INPUT[10]  ; Z           ;        ; 11.609 ; 11.609 ;        ;
; INPUT[11]  ; OUTPUT[10]  ; 11.042 ;        ;        ; 11.042 ;
; INPUT[11]  ; OUTPUT[11]  ; 10.321 ;        ;        ; 10.321 ;
; INPUT[11]  ; OUTPUT[19]  ; 11.873 ;        ;        ; 11.873 ;
; INPUT[11]  ; Z           ;        ; 12.966 ; 12.966 ;        ;
; INPUT[12]  ; OUTPUT[11]  ; 11.118 ;        ;        ; 11.118 ;
; INPUT[12]  ; OUTPUT[12]  ; 10.420 ;        ;        ; 10.420 ;
; INPUT[12]  ; OUTPUT[20]  ; 10.900 ;        ;        ; 10.900 ;
; INPUT[12]  ; Z           ;        ; 12.450 ; 12.450 ;        ;
; INPUT[13]  ; OUTPUT[12]  ; 10.773 ;        ;        ; 10.773 ;
; INPUT[13]  ; OUTPUT[13]  ; 9.902  ;        ;        ; 9.902  ;
; INPUT[13]  ; OUTPUT[21]  ; 10.818 ;        ;        ; 10.818 ;
; INPUT[13]  ; Z           ;        ; 12.083 ; 12.083 ;        ;
; INPUT[14]  ; OUTPUT[13]  ; 11.473 ;        ;        ; 11.473 ;
; INPUT[14]  ; OUTPUT[14]  ; 10.519 ;        ;        ; 10.519 ;
; INPUT[14]  ; OUTPUT[22]  ; 11.522 ;        ;        ; 11.522 ;
; INPUT[14]  ; Z           ;        ; 12.548 ; 12.548 ;        ;
; INPUT[15]  ; OUTPUT[14]  ; 10.653 ;        ;        ; 10.653 ;
; INPUT[15]  ; OUTPUT[15]  ; 10.343 ;        ;        ; 10.343 ;
; INPUT[15]  ; OUTPUT[23]  ; 11.476 ;        ;        ; 11.476 ;
; INPUT[15]  ; Z           ;        ; 11.899 ; 11.899 ;        ;
; INPUT[16]  ; OUTPUT[15]  ; 12.027 ;        ;        ; 12.027 ;
; INPUT[16]  ; OUTPUT[16]  ; 11.107 ;        ;        ; 11.107 ;
; INPUT[16]  ; OUTPUT[24]  ; 10.683 ;        ;        ; 10.683 ;
; INPUT[16]  ; Z           ;        ; 13.405 ; 13.405 ;        ;
; INPUT[17]  ; OUTPUT[16]  ; 7.362  ;        ;        ; 7.362  ;
; INPUT[17]  ; OUTPUT[17]  ; 6.032  ;        ;        ; 6.032  ;
; INPUT[17]  ; OUTPUT[25]  ; 6.706  ;        ;        ; 6.706  ;
; INPUT[17]  ; Z           ;        ; 8.377  ; 8.377  ;        ;
; INPUT[18]  ; OUTPUT[17]  ; 6.818  ;        ;        ; 6.818  ;
; INPUT[18]  ; OUTPUT[18]  ; 6.138  ;        ;        ; 6.138  ;
; INPUT[18]  ; OUTPUT[26]  ; 6.628  ;        ;        ; 6.628  ;
; INPUT[18]  ; Z           ;        ; 8.109  ; 8.109  ;        ;
; INPUT[19]  ; OUTPUT[18]  ; 6.901  ;        ;        ; 6.901  ;
; INPUT[19]  ; OUTPUT[19]  ; 6.312  ;        ;        ; 6.312  ;
; INPUT[19]  ; OUTPUT[27]  ; 6.561  ;        ;        ; 6.561  ;
; INPUT[19]  ; Z           ;        ; 8.638  ; 8.638  ;        ;
; INPUT[20]  ; OUTPUT[19]  ; 7.486  ;        ;        ; 7.486  ;
; INPUT[20]  ; OUTPUT[20]  ; 6.403  ;        ;        ; 6.403  ;
; INPUT[20]  ; OUTPUT[28]  ; 7.614  ;        ;        ; 7.614  ;
; INPUT[20]  ; Z           ;        ; 8.334  ; 8.334  ;        ;
; INPUT[21]  ; OUTPUT[20]  ; 10.532 ;        ;        ; 10.532 ;
; INPUT[21]  ; OUTPUT[21]  ; 10.402 ;        ;        ; 10.402 ;
; INPUT[21]  ; OUTPUT[29]  ; 11.022 ;        ;        ; 11.022 ;
; INPUT[21]  ; Z           ;        ; 12.235 ; 12.235 ;        ;
; INPUT[22]  ; OUTPUT[21]  ; 10.920 ;        ;        ; 10.920 ;
; INPUT[22]  ; OUTPUT[22]  ; 10.163 ;        ;        ; 10.163 ;
; INPUT[22]  ; OUTPUT[30]  ; 10.178 ;        ;        ; 10.178 ;
; INPUT[22]  ; Z           ;        ; 11.922 ; 11.922 ;        ;
; INPUT[23]  ; N           ; 10.729 ;        ;        ; 10.729 ;
; INPUT[23]  ; OUTPUT[22]  ; 10.921 ;        ;        ; 10.921 ;
; INPUT[23]  ; OUTPUT[23]  ; 10.112 ;        ;        ; 10.112 ;
; INPUT[23]  ; OUTPUT[31]  ; 10.136 ;        ;        ; 10.136 ;
; INPUT[23]  ; Z           ;        ; 12.274 ; 12.274 ;        ;
; INPUT[24]  ; OUTPUT[23]  ; 11.286 ;        ;        ; 11.286 ;
; INPUT[24]  ; OUTPUT[24]  ; 10.038 ;        ;        ; 10.038 ;
; INPUT[24]  ; Z           ;        ; 12.935 ; 12.935 ;        ;
; INPUT[25]  ; OUTPUT[24]  ; 10.981 ;        ;        ; 10.981 ;
; INPUT[25]  ; OUTPUT[25]  ; 10.310 ;        ;        ; 10.310 ;
; INPUT[25]  ; Z           ;        ; 12.901 ; 12.901 ;        ;
; INPUT[26]  ; OUTPUT[25]  ; 10.372 ;        ;        ; 10.372 ;
; INPUT[26]  ; OUTPUT[26]  ; 10.197 ;        ;        ; 10.197 ;
; INPUT[26]  ; Z           ;        ; 12.943 ; 12.943 ;        ;
; INPUT[27]  ; OUTPUT[26]  ; 10.341 ;        ;        ; 10.341 ;
; INPUT[27]  ; OUTPUT[27]  ; 10.089 ;        ;        ; 10.089 ;
; INPUT[27]  ; Z           ;        ; 13.087 ; 13.087 ;        ;
; INPUT[28]  ; OUTPUT[27]  ; 10.234 ;        ;        ; 10.234 ;
; INPUT[28]  ; OUTPUT[28]  ; 11.059 ;        ;        ; 11.059 ;
; INPUT[28]  ; Z           ;        ; 11.965 ; 11.965 ;        ;
; INPUT[29]  ; OUTPUT[28]  ; 11.526 ;        ;        ; 11.526 ;
; INPUT[29]  ; OUTPUT[29]  ; 10.218 ;        ;        ; 10.218 ;
; INPUT[29]  ; Z           ;        ; 12.003 ; 12.003 ;        ;
; INPUT[30]  ; OUTPUT[29]  ; 10.736 ;        ;        ; 10.736 ;
; INPUT[30]  ; OUTPUT[30]  ; 10.531 ;        ;        ; 10.531 ;
; INPUT[30]  ; Z           ;        ; 12.521 ; 12.521 ;        ;
; INPUT[31]  ; N           ; 10.690 ;        ;        ; 10.690 ;
; INPUT[31]  ; OUTPUT[30]  ; 10.798 ;        ;        ; 10.798 ;
; INPUT[31]  ; OUTPUT[31]  ; 10.097 ;        ;        ; 10.097 ;
; INPUT[31]  ; Z           ;        ; 13.556 ; 13.556 ;        ;
; MIR[22]    ; N           ; 10.751 ; 10.751 ; 10.751 ; 10.751 ;
; MIR[22]    ; OUTPUT[0]   ; 10.535 ; 10.535 ; 10.535 ; 10.535 ;
; MIR[22]    ; OUTPUT[1]   ; 10.540 ; 10.540 ; 10.540 ; 10.540 ;
; MIR[22]    ; OUTPUT[2]   ; 10.613 ; 10.613 ; 10.613 ; 10.613 ;
; MIR[22]    ; OUTPUT[3]   ; 10.230 ; 10.230 ; 10.230 ; 10.230 ;
; MIR[22]    ; OUTPUT[4]   ; 10.554 ; 10.554 ; 10.554 ; 10.554 ;
; MIR[22]    ; OUTPUT[5]   ; 11.183 ; 11.183 ; 11.183 ; 11.183 ;
; MIR[22]    ; OUTPUT[6]   ; 10.907 ; 10.907 ; 10.907 ; 10.907 ;
; MIR[22]    ; OUTPUT[7]   ; 10.812 ; 10.812 ; 10.812 ; 10.812 ;
; MIR[22]    ; OUTPUT[8]   ; 10.406 ; 10.406 ; 10.406 ; 10.406 ;
; MIR[22]    ; OUTPUT[9]   ; 10.600 ; 10.600 ; 10.600 ; 10.600 ;
; MIR[22]    ; OUTPUT[10]  ; 10.551 ; 10.551 ; 10.551 ; 10.551 ;
; MIR[22]    ; OUTPUT[11]  ; 10.243 ; 10.243 ; 10.243 ; 10.243 ;
; MIR[22]    ; OUTPUT[12]  ; 10.404 ; 10.404 ; 10.404 ; 10.404 ;
; MIR[22]    ; OUTPUT[13]  ; 10.181 ; 10.181 ; 10.181 ; 10.181 ;
; MIR[22]    ; OUTPUT[14]  ; 10.534 ; 10.534 ; 10.534 ; 10.534 ;
; MIR[22]    ; OUTPUT[15]  ; 11.039 ; 11.039 ; 11.039 ; 11.039 ;
; MIR[22]    ; OUTPUT[16]  ; 10.556 ; 10.556 ; 10.556 ; 10.556 ;
; MIR[22]    ; OUTPUT[17]  ; 10.666 ; 10.666 ; 10.666 ; 10.666 ;
; MIR[22]    ; OUTPUT[18]  ; 10.683 ; 10.683 ; 10.683 ; 10.683 ;
; MIR[22]    ; OUTPUT[19]  ; 10.802 ; 10.802 ; 10.802 ; 10.802 ;
; MIR[22]    ; OUTPUT[20]  ; 10.550 ; 10.550 ; 10.550 ; 10.550 ;
; MIR[22]    ; OUTPUT[21]  ; 10.442 ; 10.442 ; 10.442 ; 10.442 ;
; MIR[22]    ; OUTPUT[22]  ; 10.223 ; 10.223 ; 10.223 ; 10.223 ;
; MIR[22]    ; OUTPUT[23]  ; 10.311 ; 10.311 ; 10.311 ; 10.311 ;
; MIR[22]    ; OUTPUT[24]  ; 10.815 ; 10.815 ; 10.815 ; 10.815 ;
; MIR[22]    ; OUTPUT[25]  ; 10.851 ; 10.851 ; 10.851 ; 10.851 ;
; MIR[22]    ; OUTPUT[26]  ; 10.656 ; 10.656 ; 10.656 ; 10.656 ;
; MIR[22]    ; OUTPUT[27]  ; 10.522 ; 10.522 ; 10.522 ; 10.522 ;
; MIR[22]    ; OUTPUT[28]  ; 11.189 ; 11.189 ; 11.189 ; 11.189 ;
; MIR[22]    ; OUTPUT[29]  ; 10.590 ; 10.590 ; 10.590 ; 10.590 ;
; MIR[22]    ; OUTPUT[30]  ; 10.187 ; 10.855 ; 10.855 ; 10.187 ;
; MIR[22]    ; OUTPUT[31]  ; 10.158 ; 10.158 ; 10.158 ; 10.158 ;
; MIR[22]    ; Z           ; 11.982 ; 11.982 ; 11.982 ; 11.982 ;
; MIR[23]    ; N           ; 11.715 ; 11.715 ; 11.715 ; 11.715 ;
; MIR[23]    ; OUTPUT[0]   ; 10.352 ; 10.352 ; 10.352 ; 10.352 ;
; MIR[23]    ; OUTPUT[1]   ; 10.361 ; 10.361 ; 10.361 ; 10.361 ;
; MIR[23]    ; OUTPUT[2]   ; 10.554 ; 10.554 ; 10.554 ; 10.554 ;
; MIR[23]    ; OUTPUT[3]   ; 10.148 ; 10.148 ; 10.148 ; 10.148 ;
; MIR[23]    ; OUTPUT[4]   ; 10.356 ; 10.356 ; 10.356 ; 10.356 ;
; MIR[23]    ; OUTPUT[5]   ; 11.780 ; 11.780 ; 11.780 ; 11.780 ;
; MIR[23]    ; OUTPUT[6]   ; 11.774 ; 11.774 ; 11.774 ; 11.774 ;
; MIR[23]    ; OUTPUT[7]   ; 11.681 ; 11.681 ; 11.681 ; 11.681 ;
; MIR[23]    ; OUTPUT[8]   ; 10.348 ; 10.348 ; 10.348 ; 10.348 ;
; MIR[23]    ; OUTPUT[9]   ; 10.384 ; 10.384 ; 10.384 ; 10.384 ;
; MIR[23]    ; OUTPUT[10]  ; 10.316 ; 10.316 ; 10.316 ; 10.316 ;
; MIR[23]    ; OUTPUT[11]  ; 10.174 ; 10.174 ; 10.174 ; 10.174 ;
; MIR[23]    ; OUTPUT[12]  ; 11.368 ; 11.368 ; 11.368 ; 11.368 ;
; MIR[23]    ; OUTPUT[13]  ; 11.417 ; 11.417 ; 11.417 ; 11.417 ;
; MIR[23]    ; OUTPUT[14]  ; 10.984 ; 10.984 ; 10.984 ; 10.984 ;
; MIR[23]    ; OUTPUT[15]  ; 11.460 ; 11.460 ; 11.460 ; 11.460 ;
; MIR[23]    ; OUTPUT[16]  ; 11.251 ; 11.251 ; 11.251 ; 11.251 ;
; MIR[23]    ; OUTPUT[17]  ; 10.580 ; 10.580 ; 10.580 ; 10.580 ;
; MIR[23]    ; OUTPUT[18]  ; 10.593 ; 10.593 ; 10.593 ; 10.593 ;
; MIR[23]    ; OUTPUT[19]  ; 10.714 ; 10.714 ; 10.714 ; 10.714 ;
; MIR[23]    ; OUTPUT[20]  ; 11.340 ; 11.340 ; 11.340 ; 11.340 ;
; MIR[23]    ; OUTPUT[21]  ; 11.404 ; 11.404 ; 11.404 ; 11.404 ;
; MIR[23]    ; OUTPUT[22]  ; 11.468 ; 11.468 ; 11.468 ; 11.468 ;
; MIR[23]    ; OUTPUT[23]  ; 11.101 ; 11.101 ; 11.101 ; 11.101 ;
; MIR[23]    ; OUTPUT[24]  ; 10.729 ; 10.729 ; 10.729 ; 10.729 ;
; MIR[23]    ; OUTPUT[25]  ; 10.746 ; 10.746 ; 10.746 ; 10.746 ;
; MIR[23]    ; OUTPUT[26]  ; 10.858 ; 10.858 ; 10.858 ; 10.858 ;
; MIR[23]    ; OUTPUT[27]  ; 10.752 ; 10.752 ; 10.752 ; 10.752 ;
; MIR[23]    ; OUTPUT[28]  ; 11.612 ; 11.612 ; 11.612 ; 11.612 ;
; MIR[23]    ; OUTPUT[29]  ; 11.010 ; 11.010 ; 11.010 ; 11.010 ;
; MIR[23]    ; OUTPUT[30]  ; 12.088 ; 11.150 ; 11.150 ; 12.088 ;
; MIR[23]    ; OUTPUT[31]  ; 11.122 ; 11.122 ; 11.122 ; 11.122 ;
; MIR[23]    ; Z           ; 11.940 ; 11.940 ; 11.940 ; 11.940 ;
+------------+-------------+--------+--------+--------+--------+


----------------------------
; Fast Model Setup Summary ;
----------------------------
No paths to report.


---------------------------
; Fast Model Hold Summary ;
---------------------------
No paths to report.


-------------------------------
; Fast Model Recovery Summary ;
-------------------------------
No paths to report.


------------------------------
; Fast Model Removal Summary ;
------------------------------
No paths to report.


------------------------------------------
; Fast Model Minimum Pulse Width Summary ;
------------------------------------------
No paths to report.


+----------------------------------------------------------+
; Propagation Delay                                        ;
+------------+-------------+-------+-------+-------+-------+
; Input Port ; Output Port ; RR    ; RF    ; FR    ; FF    ;
+------------+-------------+-------+-------+-------+-------+
; INPUT[0]   ; OUTPUT[0]   ; 5.355 ;       ;       ; 5.355 ;
; INPUT[0]   ; OUTPUT[8]   ; 5.704 ;       ;       ; 5.704 ;
; INPUT[0]   ; Z           ;       ; 6.801 ; 6.801 ;       ;
; INPUT[1]   ; OUTPUT[0]   ; 5.440 ;       ;       ; 5.440 ;
; INPUT[1]   ; OUTPUT[1]   ; 5.290 ;       ;       ; 5.290 ;
; INPUT[1]   ; OUTPUT[9]   ; 5.675 ;       ;       ; 5.675 ;
; INPUT[1]   ; Z           ;       ; 6.713 ; 6.713 ;       ;
; INPUT[2]   ; OUTPUT[1]   ; 5.363 ;       ;       ; 5.363 ;
; INPUT[2]   ; OUTPUT[2]   ; 5.511 ;       ;       ; 5.511 ;
; INPUT[2]   ; OUTPUT[10]  ; 5.713 ;       ;       ; 5.713 ;
; INPUT[2]   ; Z           ;       ; 6.592 ; 6.592 ;       ;
; INPUT[3]   ; OUTPUT[2]   ; 5.498 ;       ;       ; 5.498 ;
; INPUT[3]   ; OUTPUT[3]   ; 5.329 ;       ;       ; 5.329 ;
; INPUT[3]   ; OUTPUT[11]  ; 5.722 ;       ;       ; 5.722 ;
; INPUT[3]   ; Z           ;       ; 6.872 ; 6.872 ;       ;
; INPUT[4]   ; OUTPUT[3]   ; 5.616 ;       ;       ; 5.616 ;
; INPUT[4]   ; OUTPUT[4]   ; 5.714 ;       ;       ; 5.714 ;
; INPUT[4]   ; OUTPUT[12]  ; 6.021 ;       ;       ; 6.021 ;
; INPUT[4]   ; Z           ;       ; 6.915 ; 6.915 ;       ;
; INPUT[5]   ; OUTPUT[4]   ; 5.732 ;       ;       ; 5.732 ;
; INPUT[5]   ; OUTPUT[5]   ; 6.142 ;       ;       ; 6.142 ;
; INPUT[5]   ; OUTPUT[13]  ; 6.007 ;       ;       ; 6.007 ;
; INPUT[5]   ; Z           ;       ; 7.221 ; 7.221 ;       ;
; INPUT[6]   ; OUTPUT[5]   ; 5.887 ;       ;       ; 5.887 ;
; INPUT[6]   ; OUTPUT[6]   ; 6.026 ;       ;       ; 6.026 ;
; INPUT[6]   ; OUTPUT[14]  ; 5.883 ;       ;       ; 5.883 ;
; INPUT[6]   ; Z           ;       ; 6.966 ; 6.966 ;       ;
; INPUT[7]   ; OUTPUT[6]   ; 5.904 ;       ;       ; 5.904 ;
; INPUT[7]   ; OUTPUT[7]   ; 5.914 ;       ;       ; 5.914 ;
; INPUT[7]   ; OUTPUT[15]  ; 6.189 ;       ;       ; 6.189 ;
; INPUT[7]   ; Z           ;       ; 6.832 ; 6.832 ;       ;
; INPUT[8]   ; OUTPUT[7]   ; 5.836 ;       ;       ; 5.836 ;
; INPUT[8]   ; OUTPUT[8]   ; 5.704 ;       ;       ; 5.704 ;
; INPUT[8]   ; OUTPUT[16]  ; 6.043 ;       ;       ; 6.043 ;
; INPUT[8]   ; Z           ;       ; 7.056 ; 7.056 ;       ;
; INPUT[9]   ; OUTPUT[8]   ; 5.883 ;       ;       ; 5.883 ;
; INPUT[9]   ; OUTPUT[9]   ; 5.462 ;       ;       ; 5.462 ;
; INPUT[9]   ; OUTPUT[17]  ; 5.824 ;       ;       ; 5.824 ;
; INPUT[9]   ; Z           ;       ; 6.980 ; 6.980 ;       ;
; INPUT[10]  ; OUTPUT[9]   ; 5.594 ;       ;       ; 5.594 ;
; INPUT[10]  ; OUTPUT[10]  ; 5.334 ;       ;       ; 5.334 ;
; INPUT[10]  ; OUTPUT[18]  ; 5.873 ;       ;       ; 5.873 ;
; INPUT[10]  ; Z           ;       ; 6.719 ; 6.719 ;       ;
; INPUT[11]  ; OUTPUT[10]  ; 6.045 ;       ;       ; 6.045 ;
; INPUT[11]  ; OUTPUT[11]  ; 5.753 ;       ;       ; 5.753 ;
; INPUT[11]  ; OUTPUT[19]  ; 6.411 ;       ;       ; 6.411 ;
; INPUT[11]  ; Z           ;       ; 7.470 ; 7.470 ;       ;
; INPUT[12]  ; OUTPUT[11]  ; 6.058 ;       ;       ; 6.058 ;
; INPUT[12]  ; OUTPUT[12]  ; 5.751 ;       ;       ; 5.751 ;
; INPUT[12]  ; OUTPUT[20]  ; 5.948 ;       ;       ; 5.948 ;
; INPUT[12]  ; Z           ;       ; 7.208 ; 7.208 ;       ;
; INPUT[13]  ; OUTPUT[12]  ; 5.911 ;       ;       ; 5.911 ;
; INPUT[13]  ; OUTPUT[13]  ; 5.466 ;       ;       ; 5.466 ;
; INPUT[13]  ; OUTPUT[21]  ; 5.932 ;       ;       ; 5.932 ;
; INPUT[13]  ; Z           ;       ; 6.805 ; 6.805 ;       ;
; INPUT[14]  ; OUTPUT[13]  ; 6.158 ;       ;       ; 6.158 ;
; INPUT[14]  ; OUTPUT[14]  ; 5.797 ;       ;       ; 5.797 ;
; INPUT[14]  ; OUTPUT[22]  ; 6.247 ;       ;       ; 6.247 ;
; INPUT[14]  ; Z           ;       ; 7.189 ; 7.189 ;       ;
; INPUT[15]  ; OUTPUT[14]  ; 5.830 ;       ;       ; 5.830 ;
; INPUT[15]  ; OUTPUT[15]  ; 5.741 ;       ;       ; 5.741 ;
; INPUT[15]  ; OUTPUT[23]  ; 6.213 ;       ;       ; 6.213 ;
; INPUT[15]  ; Z           ;       ; 7.182 ; 7.182 ;       ;
; INPUT[16]  ; OUTPUT[15]  ; 6.566 ;       ;       ; 6.566 ;
; INPUT[16]  ; OUTPUT[16]  ; 6.139 ;       ;       ; 6.139 ;
; INPUT[16]  ; OUTPUT[24]  ; 5.795 ;       ;       ; 5.795 ;
; INPUT[16]  ; Z           ;       ; 7.209 ; 7.209 ;       ;
; INPUT[17]  ; OUTPUT[16]  ; 3.754 ;       ;       ; 3.754 ;
; INPUT[17]  ; OUTPUT[17]  ; 3.136 ;       ;       ; 3.136 ;
; INPUT[17]  ; OUTPUT[25]  ; 3.411 ;       ;       ; 3.411 ;
; INPUT[17]  ; Z           ;       ; 4.767 ; 4.767 ;       ;
; INPUT[18]  ; OUTPUT[17]  ; 3.467 ;       ;       ; 3.467 ;
; INPUT[18]  ; OUTPUT[18]  ; 3.186 ;       ;       ; 3.186 ;
; INPUT[18]  ; OUTPUT[26]  ; 3.341 ;       ;       ; 3.341 ;
; INPUT[18]  ; Z           ;       ; 4.617 ; 4.617 ;       ;
; INPUT[19]  ; OUTPUT[18]  ; 3.494 ;       ;       ; 3.494 ;
; INPUT[19]  ; OUTPUT[19]  ; 3.196 ;       ;       ; 3.196 ;
; INPUT[19]  ; OUTPUT[27]  ; 3.346 ;       ;       ; 3.346 ;
; INPUT[19]  ; Z           ;       ; 4.704 ; 4.704 ;       ;
; INPUT[20]  ; OUTPUT[19]  ; 3.789 ;       ;       ; 3.789 ;
; INPUT[20]  ; OUTPUT[20]  ; 3.323 ;       ;       ; 3.323 ;
; INPUT[20]  ; OUTPUT[28]  ; 3.919 ;       ;       ; 3.919 ;
; INPUT[20]  ; Z           ;       ; 4.848 ; 4.848 ;       ;
; INPUT[21]  ; OUTPUT[20]  ; 5.782 ;       ;       ; 5.782 ;
; INPUT[21]  ; OUTPUT[21]  ; 5.734 ;       ;       ; 5.734 ;
; INPUT[21]  ; OUTPUT[29]  ; 6.001 ;       ;       ; 6.001 ;
; INPUT[21]  ; Z           ;       ; 6.766 ; 6.766 ;       ;
; INPUT[22]  ; OUTPUT[21]  ; 5.989 ;       ;       ; 5.989 ;
; INPUT[22]  ; OUTPUT[22]  ; 5.678 ;       ;       ; 5.678 ;
; INPUT[22]  ; OUTPUT[30]  ; 5.603 ;       ;       ; 5.603 ;
; INPUT[22]  ; Z           ;       ; 6.990 ; 6.990 ;       ;
; INPUT[23]  ; N           ; 5.905 ;       ;       ; 5.905 ;
; INPUT[23]  ; OUTPUT[22]  ; 5.961 ;       ;       ; 5.961 ;
; INPUT[23]  ; OUTPUT[23]  ; 5.596 ;       ;       ; 5.596 ;
; INPUT[23]  ; OUTPUT[31]  ; 5.610 ;       ;       ; 5.610 ;
; INPUT[23]  ; Z           ;       ; 7.235 ; 7.235 ;       ;
; INPUT[24]  ; OUTPUT[23]  ; 6.164 ;       ;       ; 6.164 ;
; INPUT[24]  ; OUTPUT[24]  ; 5.564 ;       ;       ; 5.564 ;
; INPUT[24]  ; Z           ;       ; 7.133 ; 7.133 ;       ;
; INPUT[25]  ; OUTPUT[24]  ; 5.954 ;       ;       ; 5.954 ;
; INPUT[25]  ; OUTPUT[25]  ; 5.710 ;       ;       ; 5.710 ;
; INPUT[25]  ; Z           ;       ; 7.279 ; 7.279 ;       ;
; INPUT[26]  ; OUTPUT[25]  ; 5.714 ;       ;       ; 5.714 ;
; INPUT[26]  ; OUTPUT[26]  ; 5.599 ;       ;       ; 5.599 ;
; INPUT[26]  ; Z           ;       ; 6.875 ; 6.875 ;       ;
; INPUT[27]  ; OUTPUT[26]  ; 5.664 ;       ;       ; 5.664 ;
; INPUT[27]  ; OUTPUT[27]  ; 5.612 ;       ;       ; 5.612 ;
; INPUT[27]  ; Z           ;       ; 6.970 ; 6.970 ;       ;
; INPUT[28]  ; OUTPUT[27]  ; 5.646 ;       ;       ; 5.646 ;
; INPUT[28]  ; OUTPUT[28]  ; 6.095 ;       ;       ; 6.095 ;
; INPUT[28]  ; Z           ;       ; 7.004 ; 7.004 ;       ;
; INPUT[29]  ; OUTPUT[28]  ; 6.267 ;       ;       ; 6.267 ;
; INPUT[29]  ; OUTPUT[29]  ; 5.664 ;       ;       ; 5.664 ;
; INPUT[29]  ; Z           ;       ; 6.607 ; 6.607 ;       ;
; INPUT[30]  ; OUTPUT[29]  ; 5.906 ;       ;       ; 5.906 ;
; INPUT[30]  ; OUTPUT[30]  ; 5.740 ;       ;       ; 5.740 ;
; INPUT[30]  ; Z           ;       ; 7.127 ; 7.127 ;       ;
; INPUT[31]  ; N           ; 5.886 ;       ;       ; 5.886 ;
; INPUT[31]  ; OUTPUT[30]  ; 5.832 ;       ;       ; 5.832 ;
; INPUT[31]  ; OUTPUT[31]  ; 5.591 ;       ;       ; 5.591 ;
; INPUT[31]  ; Z           ;       ; 7.219 ; 7.219 ;       ;
; MIR[22]    ; N           ; 5.948 ; 5.948 ; 5.948 ; 5.948 ;
; MIR[22]    ; OUTPUT[0]   ; 5.849 ; 5.849 ; 5.849 ; 5.849 ;
; MIR[22]    ; OUTPUT[1]   ; 5.775 ; 5.775 ; 5.775 ; 5.775 ;
; MIR[22]    ; OUTPUT[2]   ; 5.849 ; 5.849 ; 5.849 ; 5.849 ;
; MIR[22]    ; OUTPUT[3]   ; 5.691 ; 5.691 ; 5.691 ; 5.691 ;
; MIR[22]    ; OUTPUT[4]   ; 5.858 ; 5.858 ; 5.858 ; 5.858 ;
; MIR[22]    ; OUTPUT[5]   ; 6.150 ; 6.150 ; 6.150 ; 6.150 ;
; MIR[22]    ; OUTPUT[6]   ; 6.051 ; 6.051 ; 6.051 ; 6.051 ;
; MIR[22]    ; OUTPUT[7]   ; 5.983 ; 5.983 ; 5.983 ; 5.983 ;
; MIR[22]    ; OUTPUT[8]   ; 6.048 ; 6.048 ; 6.048 ; 6.048 ;
; MIR[22]    ; OUTPUT[9]   ; 6.093 ; 6.093 ; 6.093 ; 6.093 ;
; MIR[22]    ; OUTPUT[10]  ; 6.128 ; 6.128 ; 6.128 ; 6.128 ;
; MIR[22]    ; OUTPUT[11]  ; 6.072 ; 6.072 ; 6.072 ; 6.072 ;
; MIR[22]    ; OUTPUT[12]  ; 6.058 ; 6.058 ; 6.058 ; 6.058 ;
; MIR[22]    ; OUTPUT[13]  ; 5.892 ; 5.892 ; 5.892 ; 5.892 ;
; MIR[22]    ; OUTPUT[14]  ; 5.906 ; 5.906 ; 5.906 ; 5.906 ;
; MIR[22]    ; OUTPUT[15]  ; 6.246 ; 6.246 ; 6.246 ; 6.246 ;
; MIR[22]    ; OUTPUT[16]  ; 6.112 ; 6.112 ; 6.112 ; 6.112 ;
; MIR[22]    ; OUTPUT[17]  ; 6.135 ; 6.135 ; 6.135 ; 6.135 ;
; MIR[22]    ; OUTPUT[18]  ; 6.214 ; 6.214 ; 6.214 ; 6.214 ;
; MIR[22]    ; OUTPUT[19]  ; 6.329 ; 6.329 ; 6.329 ; 6.329 ;
; MIR[22]    ; OUTPUT[20]  ; 5.953 ; 5.953 ; 5.953 ; 5.953 ;
; MIR[22]    ; OUTPUT[21]  ; 6.160 ; 6.160 ; 6.160 ; 6.160 ;
; MIR[22]    ; OUTPUT[22]  ; 5.992 ; 5.992 ; 5.992 ; 5.992 ;
; MIR[22]    ; OUTPUT[23]  ; 6.453 ; 6.453 ; 6.453 ; 6.453 ;
; MIR[22]    ; OUTPUT[24]  ; 6.215 ; 6.215 ; 6.215 ; 6.215 ;
; MIR[22]    ; OUTPUT[25]  ; 6.071 ; 6.071 ; 6.071 ; 6.071 ;
; MIR[22]    ; OUTPUT[26]  ; 6.005 ; 6.005 ; 6.005 ; 6.005 ;
; MIR[22]    ; OUTPUT[27]  ; 6.061 ; 6.061 ; 6.061 ; 6.061 ;
; MIR[22]    ; OUTPUT[28]  ; 6.456 ; 6.456 ; 6.456 ; 6.456 ;
; MIR[22]    ; OUTPUT[29]  ; 6.066 ; 6.066 ; 6.066 ; 6.066 ;
; MIR[22]    ; OUTPUT[30]  ; 5.892 ; 5.892 ; 5.892 ; 5.892 ;
; MIR[22]    ; OUTPUT[31]  ; 5.653 ; 5.653 ; 5.653 ; 5.653 ;
; MIR[22]    ; Z           ; 7.540 ; 7.540 ; 7.540 ; 7.540 ;
; MIR[23]    ; N           ; 6.457 ; 6.457 ; 6.457 ; 6.457 ;
; MIR[23]    ; OUTPUT[0]   ; 5.761 ; 5.761 ; 5.761 ; 5.761 ;
; MIR[23]    ; OUTPUT[1]   ; 5.692 ; 5.692 ; 5.692 ; 5.692 ;
; MIR[23]    ; OUTPUT[2]   ; 5.841 ; 5.841 ; 5.841 ; 5.841 ;
; MIR[23]    ; OUTPUT[3]   ; 5.667 ; 5.667 ; 5.667 ; 5.667 ;
; MIR[23]    ; OUTPUT[4]   ; 5.764 ; 5.764 ; 5.764 ; 5.764 ;
; MIR[23]    ; OUTPUT[5]   ; 6.485 ; 6.485 ; 6.485 ; 6.485 ;
; MIR[23]    ; OUTPUT[6]   ; 6.508 ; 6.508 ; 6.508 ; 6.508 ;
; MIR[23]    ; OUTPUT[7]   ; 6.441 ; 6.441 ; 6.441 ; 6.441 ;
; MIR[23]    ; OUTPUT[8]   ; 6.041 ; 6.041 ; 6.041 ; 6.041 ;
; MIR[23]    ; OUTPUT[9]   ; 5.992 ; 5.992 ; 5.992 ; 5.992 ;
; MIR[23]    ; OUTPUT[10]  ; 6.024 ; 6.024 ; 6.024 ; 6.024 ;
; MIR[23]    ; OUTPUT[11]  ; 6.064 ; 6.064 ; 6.064 ; 6.064 ;
; MIR[23]    ; OUTPUT[12]  ; 6.688 ; 6.688 ; 6.688 ; 6.688 ;
; MIR[23]    ; OUTPUT[13]  ; 6.408 ; 6.408 ; 6.408 ; 6.408 ;
; MIR[23]    ; OUTPUT[14]  ; 6.276 ; 6.276 ; 6.276 ; 6.276 ;
; MIR[23]    ; OUTPUT[15]  ; 6.618 ; 6.618 ; 6.618 ; 6.618 ;
; MIR[23]    ; OUTPUT[16]  ; 6.483 ; 6.483 ; 6.483 ; 6.483 ;
; MIR[23]    ; OUTPUT[17]  ; 6.241 ; 6.241 ; 6.241 ; 6.241 ;
; MIR[23]    ; OUTPUT[18]  ; 6.163 ; 6.163 ; 6.163 ; 6.163 ;
; MIR[23]    ; OUTPUT[19]  ; 6.583 ; 6.583 ; 6.583 ; 6.583 ;
; MIR[23]    ; OUTPUT[20]  ; 6.593 ; 6.593 ; 6.593 ; 6.593 ;
; MIR[23]    ; OUTPUT[21]  ; 6.709 ; 6.709 ; 6.709 ; 6.709 ;
; MIR[23]    ; OUTPUT[22]  ; 6.502 ; 6.502 ; 6.502 ; 6.502 ;
; MIR[23]    ; OUTPUT[23]  ; 6.578 ; 6.578 ; 6.578 ; 6.578 ;
; MIR[23]    ; OUTPUT[24]  ; 6.188 ; 6.188 ; 6.188 ; 6.188 ;
; MIR[23]    ; OUTPUT[25]  ; 6.182 ; 6.182 ; 6.182 ; 6.182 ;
; MIR[23]    ; OUTPUT[26]  ; 6.121 ; 6.121 ; 6.121 ; 6.121 ;
; MIR[23]    ; OUTPUT[27]  ; 6.037 ; 6.037 ; 6.037 ; 6.037 ;
; MIR[23]    ; OUTPUT[28]  ; 6.707 ; 6.707 ; 6.707 ; 6.707 ;
; MIR[23]    ; OUTPUT[29]  ; 6.696 ; 6.696 ; 6.696 ; 6.696 ;
; MIR[23]    ; OUTPUT[30]  ; 6.520 ; 6.520 ; 6.520 ; 6.520 ;
; MIR[23]    ; OUTPUT[31]  ; 6.162 ; 6.162 ; 6.162 ; 6.162 ;
; MIR[23]    ; Z           ; 7.907 ; 7.907 ; 7.907 ; 7.907 ;
+------------+-------------+-------+-------+-------+-------+


+----------------------------------------------------------+
; Minimum Propagation Delay                                ;
+------------+-------------+-------+-------+-------+-------+
; Input Port ; Output Port ; RR    ; RF    ; FR    ; FF    ;
+------------+-------------+-------+-------+-------+-------+
; INPUT[0]   ; OUTPUT[0]   ; 5.355 ;       ;       ; 5.355 ;
; INPUT[0]   ; OUTPUT[8]   ; 5.704 ;       ;       ; 5.704 ;
; INPUT[0]   ; Z           ;       ; 6.052 ; 6.052 ;       ;
; INPUT[1]   ; OUTPUT[0]   ; 5.440 ;       ;       ; 5.440 ;
; INPUT[1]   ; OUTPUT[1]   ; 5.290 ;       ;       ; 5.290 ;
; INPUT[1]   ; OUTPUT[9]   ; 5.675 ;       ;       ; 5.675 ;
; INPUT[1]   ; Z           ;       ; 6.137 ; 6.137 ;       ;
; INPUT[2]   ; OUTPUT[1]   ; 5.363 ;       ;       ; 5.363 ;
; INPUT[2]   ; OUTPUT[2]   ; 5.511 ;       ;       ; 5.511 ;
; INPUT[2]   ; OUTPUT[10]  ; 5.713 ;       ;       ; 5.713 ;
; INPUT[2]   ; Z           ;       ; 6.340 ; 6.340 ;       ;
; INPUT[3]   ; OUTPUT[2]   ; 5.498 ;       ;       ; 5.498 ;
; INPUT[3]   ; OUTPUT[3]   ; 5.329 ;       ;       ; 5.329 ;
; INPUT[3]   ; OUTPUT[11]  ; 5.722 ;       ;       ; 5.722 ;
; INPUT[3]   ; Z           ;       ; 6.528 ; 6.528 ;       ;
; INPUT[4]   ; OUTPUT[3]   ; 5.616 ;       ;       ; 5.616 ;
; INPUT[4]   ; OUTPUT[4]   ; 5.714 ;       ;       ; 5.714 ;
; INPUT[4]   ; OUTPUT[12]  ; 6.021 ;       ;       ; 6.021 ;
; INPUT[4]   ; Z           ;       ; 6.697 ; 6.697 ;       ;
; INPUT[5]   ; OUTPUT[4]   ; 5.732 ;       ;       ; 5.732 ;
; INPUT[5]   ; OUTPUT[5]   ; 6.142 ;       ;       ; 6.142 ;
; INPUT[5]   ; OUTPUT[13]  ; 6.007 ;       ;       ; 6.007 ;
; INPUT[5]   ; Z           ;       ; 6.715 ; 6.715 ;       ;
; INPUT[6]   ; OUTPUT[5]   ; 5.887 ;       ;       ; 5.887 ;
; INPUT[6]   ; OUTPUT[6]   ; 6.026 ;       ;       ; 6.026 ;
; INPUT[6]   ; OUTPUT[14]  ; 5.883 ;       ;       ; 5.883 ;
; INPUT[6]   ; Z           ;       ; 6.773 ; 6.773 ;       ;
; INPUT[7]   ; OUTPUT[6]   ; 5.904 ;       ;       ; 5.904 ;
; INPUT[7]   ; OUTPUT[7]   ; 5.914 ;       ;       ; 5.914 ;
; INPUT[7]   ; OUTPUT[15]  ; 6.189 ;       ;       ; 6.189 ;
; INPUT[7]   ; Z           ;       ; 6.651 ; 6.651 ;       ;
; INPUT[8]   ; OUTPUT[7]   ; 5.836 ;       ;       ; 5.836 ;
; INPUT[8]   ; OUTPUT[8]   ; 5.704 ;       ;       ; 5.704 ;
; INPUT[8]   ; OUTPUT[16]  ; 6.043 ;       ;       ; 6.043 ;
; INPUT[8]   ; Z           ;       ; 6.579 ; 6.579 ;       ;
; INPUT[9]   ; OUTPUT[8]   ; 5.883 ;       ;       ; 5.883 ;
; INPUT[9]   ; OUTPUT[9]   ; 5.462 ;       ;       ; 5.462 ;
; INPUT[9]   ; OUTPUT[17]  ; 5.824 ;       ;       ; 5.824 ;
; INPUT[9]   ; Z           ;       ; 6.500 ; 6.500 ;       ;
; INPUT[10]  ; OUTPUT[9]   ; 5.594 ;       ;       ; 5.594 ;
; INPUT[10]  ; OUTPUT[10]  ; 5.334 ;       ;       ; 5.334 ;
; INPUT[10]  ; OUTPUT[18]  ; 5.873 ;       ;       ; 5.873 ;
; INPUT[10]  ; Z           ;       ; 6.213 ; 6.213 ;       ;
; INPUT[11]  ; OUTPUT[10]  ; 6.045 ;       ;       ; 6.045 ;
; INPUT[11]  ; OUTPUT[11]  ; 5.753 ;       ;       ; 5.753 ;
; INPUT[11]  ; OUTPUT[19]  ; 6.411 ;       ;       ; 6.411 ;
; INPUT[11]  ; Z           ;       ; 6.903 ; 6.903 ;       ;
; INPUT[12]  ; OUTPUT[11]  ; 6.058 ;       ;       ; 6.058 ;
; INPUT[12]  ; OUTPUT[12]  ; 5.751 ;       ;       ; 5.751 ;
; INPUT[12]  ; OUTPUT[20]  ; 5.948 ;       ;       ; 5.948 ;
; INPUT[12]  ; Z           ;       ; 6.645 ; 6.645 ;       ;
; INPUT[13]  ; OUTPUT[12]  ; 5.911 ;       ;       ; 5.911 ;
; INPUT[13]  ; OUTPUT[13]  ; 5.466 ;       ;       ; 5.466 ;
; INPUT[13]  ; OUTPUT[21]  ; 5.932 ;       ;       ; 5.932 ;
; INPUT[13]  ; Z           ;       ; 6.497 ; 6.497 ;       ;
; INPUT[14]  ; OUTPUT[13]  ; 6.158 ;       ;       ; 6.158 ;
; INPUT[14]  ; OUTPUT[14]  ; 5.797 ;       ;       ; 5.797 ;
; INPUT[14]  ; OUTPUT[22]  ; 6.247 ;       ;       ; 6.247 ;
; INPUT[14]  ; Z           ;       ; 6.693 ; 6.693 ;       ;
; INPUT[15]  ; OUTPUT[14]  ; 5.830 ;       ;       ; 5.830 ;
; INPUT[15]  ; OUTPUT[15]  ; 5.741 ;       ;       ; 5.741 ;
; INPUT[15]  ; OUTPUT[23]  ; 6.213 ;       ;       ; 6.213 ;
; INPUT[15]  ; Z           ;       ; 6.384 ; 6.384 ;       ;
; INPUT[16]  ; OUTPUT[15]  ; 6.566 ;       ;       ; 6.566 ;
; INPUT[16]  ; OUTPUT[16]  ; 6.139 ;       ;       ; 6.139 ;
; INPUT[16]  ; OUTPUT[24]  ; 5.795 ;       ;       ; 5.795 ;
; INPUT[16]  ; Z           ;       ; 7.120 ; 7.120 ;       ;
; INPUT[17]  ; OUTPUT[16]  ; 3.754 ;       ;       ; 3.754 ;
; INPUT[17]  ; OUTPUT[17]  ; 3.136 ;       ;       ; 3.136 ;
; INPUT[17]  ; OUTPUT[25]  ; 3.411 ;       ;       ; 3.411 ;
; INPUT[17]  ; Z           ;       ; 4.142 ; 4.142 ;       ;
; INPUT[18]  ; OUTPUT[17]  ; 3.467 ;       ;       ; 3.467 ;
; INPUT[18]  ; OUTPUT[18]  ; 3.186 ;       ;       ; 3.186 ;
; INPUT[18]  ; OUTPUT[26]  ; 3.341 ;       ;       ; 3.341 ;
; INPUT[18]  ; Z           ;       ; 4.032 ; 4.032 ;       ;
; INPUT[19]  ; OUTPUT[18]  ; 3.494 ;       ;       ; 3.494 ;
; INPUT[19]  ; OUTPUT[19]  ; 3.196 ;       ;       ; 3.196 ;
; INPUT[19]  ; OUTPUT[27]  ; 3.346 ;       ;       ; 3.346 ;
; INPUT[19]  ; Z           ;       ; 4.255 ; 4.255 ;       ;
; INPUT[20]  ; OUTPUT[19]  ; 3.789 ;       ;       ; 3.789 ;
; INPUT[20]  ; OUTPUT[20]  ; 3.323 ;       ;       ; 3.323 ;
; INPUT[20]  ; OUTPUT[28]  ; 3.919 ;       ;       ; 3.919 ;
; INPUT[20]  ; Z           ;       ; 4.169 ; 4.169 ;       ;
; INPUT[21]  ; OUTPUT[20]  ; 5.782 ;       ;       ; 5.782 ;
; INPUT[21]  ; OUTPUT[21]  ; 5.734 ;       ;       ; 5.734 ;
; INPUT[21]  ; OUTPUT[29]  ; 6.001 ;       ;       ; 6.001 ;
; INPUT[21]  ; Z           ;       ; 6.528 ; 6.528 ;       ;
; INPUT[22]  ; OUTPUT[21]  ; 5.989 ;       ;       ; 5.989 ;
; INPUT[22]  ; OUTPUT[22]  ; 5.678 ;       ;       ; 5.678 ;
; INPUT[22]  ; OUTPUT[30]  ; 5.603 ;       ;       ; 5.603 ;
; INPUT[22]  ; Z           ;       ; 6.442 ; 6.442 ;       ;
; INPUT[23]  ; N           ; 5.905 ;       ;       ; 5.905 ;
; INPUT[23]  ; OUTPUT[22]  ; 5.961 ;       ;       ; 5.961 ;
; INPUT[23]  ; OUTPUT[23]  ; 5.596 ;       ;       ; 5.596 ;
; INPUT[23]  ; OUTPUT[31]  ; 5.610 ;       ;       ; 5.610 ;
; INPUT[23]  ; Z           ;       ; 6.565 ; 6.565 ;       ;
; INPUT[24]  ; OUTPUT[23]  ; 6.164 ;       ;       ; 6.164 ;
; INPUT[24]  ; OUTPUT[24]  ; 5.564 ;       ;       ; 5.564 ;
; INPUT[24]  ; Z           ;       ; 6.889 ; 6.889 ;       ;
; INPUT[25]  ; OUTPUT[24]  ; 5.954 ;       ;       ; 5.954 ;
; INPUT[25]  ; OUTPUT[25]  ; 5.710 ;       ;       ; 5.710 ;
; INPUT[25]  ; Z           ;       ; 6.870 ; 6.870 ;       ;
; INPUT[26]  ; OUTPUT[25]  ; 5.714 ;       ;       ; 5.714 ;
; INPUT[26]  ; OUTPUT[26]  ; 5.599 ;       ;       ; 5.599 ;
; INPUT[26]  ; Z           ;       ; 6.874 ; 6.874 ;       ;
; INPUT[27]  ; OUTPUT[26]  ; 5.664 ;       ;       ; 5.664 ;
; INPUT[27]  ; OUTPUT[27]  ; 5.612 ;       ;       ; 5.612 ;
; INPUT[27]  ; Z           ;       ; 6.940 ; 6.940 ;       ;
; INPUT[28]  ; OUTPUT[27]  ; 5.646 ;       ;       ; 5.646 ;
; INPUT[28]  ; OUTPUT[28]  ; 6.095 ;       ;       ; 6.095 ;
; INPUT[28]  ; Z           ;       ; 6.435 ; 6.435 ;       ;
; INPUT[29]  ; OUTPUT[28]  ; 6.267 ;       ;       ; 6.267 ;
; INPUT[29]  ; OUTPUT[29]  ; 5.664 ;       ;       ; 5.664 ;
; INPUT[29]  ; Z           ;       ; 6.429 ; 6.429 ;       ;
; INPUT[30]  ; OUTPUT[29]  ; 5.906 ;       ;       ; 5.906 ;
; INPUT[30]  ; OUTPUT[30]  ; 5.740 ;       ;       ; 5.740 ;
; INPUT[30]  ; Z           ;       ; 6.671 ; 6.671 ;       ;
; INPUT[31]  ; N           ; 5.886 ;       ;       ; 5.886 ;
; INPUT[31]  ; OUTPUT[30]  ; 5.832 ;       ;       ; 5.832 ;
; INPUT[31]  ; OUTPUT[31]  ; 5.591 ;       ;       ; 5.591 ;
; INPUT[31]  ; Z           ;       ; 7.216 ; 7.216 ;       ;
; MIR[22]    ; N           ; 5.948 ; 5.948 ; 5.948 ; 5.948 ;
; MIR[22]    ; OUTPUT[0]   ; 5.849 ; 5.849 ; 5.849 ; 5.849 ;
; MIR[22]    ; OUTPUT[1]   ; 5.775 ; 5.775 ; 5.775 ; 5.775 ;
; MIR[22]    ; OUTPUT[2]   ; 5.849 ; 5.849 ; 5.849 ; 5.849 ;
; MIR[22]    ; OUTPUT[3]   ; 5.691 ; 5.691 ; 5.691 ; 5.691 ;
; MIR[22]    ; OUTPUT[4]   ; 5.858 ; 5.858 ; 5.858 ; 5.858 ;
; MIR[22]    ; OUTPUT[5]   ; 6.150 ; 6.150 ; 6.150 ; 6.150 ;
; MIR[22]    ; OUTPUT[6]   ; 6.051 ; 6.051 ; 6.051 ; 6.051 ;
; MIR[22]    ; OUTPUT[7]   ; 5.983 ; 5.983 ; 5.983 ; 5.983 ;
; MIR[22]    ; OUTPUT[8]   ; 5.768 ; 5.768 ; 5.768 ; 5.768 ;
; MIR[22]    ; OUTPUT[9]   ; 5.797 ; 5.797 ; 5.797 ; 5.797 ;
; MIR[22]    ; OUTPUT[10]  ; 5.838 ; 5.838 ; 5.838 ; 5.838 ;
; MIR[22]    ; OUTPUT[11]  ; 5.696 ; 5.696 ; 5.696 ; 5.696 ;
; MIR[22]    ; OUTPUT[12]  ; 5.778 ; 5.778 ; 5.778 ; 5.778 ;
; MIR[22]    ; OUTPUT[13]  ; 5.603 ; 5.603 ; 5.603 ; 5.603 ;
; MIR[22]    ; OUTPUT[14]  ; 5.815 ; 5.815 ; 5.815 ; 5.815 ;
; MIR[22]    ; OUTPUT[15]  ; 6.078 ; 6.078 ; 6.078 ; 6.078 ;
; MIR[22]    ; OUTPUT[16]  ; 5.832 ; 5.832 ; 5.832 ; 5.832 ;
; MIR[22]    ; OUTPUT[17]  ; 5.900 ; 5.900 ; 5.900 ; 5.900 ;
; MIR[22]    ; OUTPUT[18]  ; 5.910 ; 5.910 ; 5.910 ; 5.910 ;
; MIR[22]    ; OUTPUT[19]  ; 5.911 ; 5.911 ; 5.911 ; 5.911 ;
; MIR[22]    ; OUTPUT[20]  ; 5.832 ; 5.832 ; 5.832 ; 5.832 ;
; MIR[22]    ; OUTPUT[21]  ; 5.792 ; 5.792 ; 5.792 ; 5.792 ;
; MIR[22]    ; OUTPUT[22]  ; 5.693 ; 5.693 ; 5.693 ; 5.693 ;
; MIR[22]    ; OUTPUT[23]  ; 5.722 ; 5.722 ; 5.722 ; 5.722 ;
; MIR[22]    ; OUTPUT[24]  ; 5.920 ; 5.920 ; 5.920 ; 5.920 ;
; MIR[22]    ; OUTPUT[25]  ; 5.975 ; 5.975 ; 5.975 ; 5.975 ;
; MIR[22]    ; OUTPUT[26]  ; 5.842 ; 5.842 ; 5.842 ; 5.842 ;
; MIR[22]    ; OUTPUT[27]  ; 5.832 ; 5.832 ; 5.832 ; 5.832 ;
; MIR[22]    ; OUTPUT[28]  ; 6.157 ; 6.157 ; 6.157 ; 6.157 ;
; MIR[22]    ; OUTPUT[29]  ; 5.854 ; 5.854 ; 5.854 ; 5.854 ;
; MIR[22]    ; OUTPUT[30]  ; 5.607 ; 5.892 ; 5.892 ; 5.607 ;
; MIR[22]    ; OUTPUT[31]  ; 5.653 ; 5.653 ; 5.653 ; 5.653 ;
; MIR[22]    ; Z           ; 6.457 ; 6.457 ; 6.457 ; 6.457 ;
; MIR[23]    ; N           ; 6.457 ; 6.457 ; 6.457 ; 6.457 ;
; MIR[23]    ; OUTPUT[0]   ; 5.761 ; 5.761 ; 5.761 ; 5.761 ;
; MIR[23]    ; OUTPUT[1]   ; 5.692 ; 5.692 ; 5.692 ; 5.692 ;
; MIR[23]    ; OUTPUT[2]   ; 5.841 ; 5.841 ; 5.841 ; 5.841 ;
; MIR[23]    ; OUTPUT[3]   ; 5.667 ; 5.667 ; 5.667 ; 5.667 ;
; MIR[23]    ; OUTPUT[4]   ; 5.764 ; 5.764 ; 5.764 ; 5.764 ;
; MIR[23]    ; OUTPUT[5]   ; 6.485 ; 6.485 ; 6.485 ; 6.485 ;
; MIR[23]    ; OUTPUT[6]   ; 6.508 ; 6.508 ; 6.508 ; 6.508 ;
; MIR[23]    ; OUTPUT[7]   ; 6.441 ; 6.441 ; 6.441 ; 6.441 ;
; MIR[23]    ; OUTPUT[8]   ; 5.761 ; 5.761 ; 5.761 ; 5.761 ;
; MIR[23]    ; OUTPUT[9]   ; 5.703 ; 5.703 ; 5.703 ; 5.703 ;
; MIR[23]    ; OUTPUT[10]  ; 5.732 ; 5.732 ; 5.732 ; 5.732 ;
; MIR[23]    ; OUTPUT[11]  ; 5.679 ; 5.679 ; 5.679 ; 5.679 ;
; MIR[23]    ; OUTPUT[12]  ; 6.288 ; 6.288 ; 6.288 ; 6.288 ;
; MIR[23]    ; OUTPUT[13]  ; 6.230 ; 6.230 ; 6.230 ; 6.230 ;
; MIR[23]    ; OUTPUT[14]  ; 6.072 ; 6.072 ; 6.072 ; 6.072 ;
; MIR[23]    ; OUTPUT[15]  ; 6.331 ; 6.331 ; 6.331 ; 6.331 ;
; MIR[23]    ; OUTPUT[16]  ; 6.203 ; 6.203 ; 6.203 ; 6.203 ;
; MIR[23]    ; OUTPUT[17]  ; 5.876 ; 5.876 ; 5.876 ; 5.876 ;
; MIR[23]    ; OUTPUT[18]  ; 5.881 ; 5.881 ; 5.881 ; 5.881 ;
; MIR[23]    ; OUTPUT[19]  ; 5.887 ; 5.887 ; 5.887 ; 5.887 ;
; MIR[23]    ; OUTPUT[20]  ; 6.261 ; 6.261 ; 6.261 ; 6.261 ;
; MIR[23]    ; OUTPUT[21]  ; 6.302 ; 6.302 ; 6.302 ; 6.302 ;
; MIR[23]    ; OUTPUT[22]  ; 6.326 ; 6.326 ; 6.326 ; 6.326 ;
; MIR[23]    ; OUTPUT[23]  ; 6.151 ; 6.151 ; 6.151 ; 6.151 ;
; MIR[23]    ; OUTPUT[24]  ; 5.896 ; 5.896 ; 5.896 ; 5.896 ;
; MIR[23]    ; OUTPUT[25]  ; 5.936 ; 5.936 ; 5.936 ; 5.936 ;
; MIR[23]    ; OUTPUT[26]  ; 5.939 ; 5.939 ; 5.939 ; 5.939 ;
; MIR[23]    ; OUTPUT[27]  ; 5.952 ; 5.952 ; 5.952 ; 5.952 ;
; MIR[23]    ; OUTPUT[28]  ; 6.412 ; 6.412 ; 6.412 ; 6.412 ;
; MIR[23]    ; OUTPUT[29]  ; 6.108 ; 6.108 ; 6.108 ; 6.108 ;
; MIR[23]    ; OUTPUT[30]  ; 6.520 ; 6.118 ; 6.118 ; 6.520 ;
; MIR[23]    ; OUTPUT[31]  ; 6.162 ; 6.162 ; 6.162 ; 6.162 ;
; MIR[23]    ; Z           ; 6.458 ; 6.458 ; 6.458 ; 6.458 ;
+------------+-------------+-------+-------+-------+-------+


+----------------------------------------------------------------------------+
; Multicorner Timing Analysis Summary                                        ;
+------------------+-------+------+----------+---------+---------------------+
; Clock            ; Setup ; Hold ; Recovery ; Removal ; Minimum Pulse Width ;
+------------------+-------+------+----------+---------+---------------------+
; Worst-case Slack ; N/A   ; N/A  ; N/A      ; N/A     ; N/A                 ;
; Design-wide TNS  ; 0.0   ; 0.0  ; 0.0      ; 0.0     ; 0.0                 ;
+------------------+-------+------+----------+---------+---------------------+


+--------------------------------------------------------------+
; Progagation Delay                                            ;
+------------+-------------+--------+--------+--------+--------+
; Input Port ; Output Port ; RR     ; RF     ; FR     ; FF     ;
+------------+-------------+--------+--------+--------+--------+
; INPUT[0]   ; OUTPUT[0]   ; 9.613  ;        ;        ; 9.613  ;
; INPUT[0]   ; OUTPUT[8]   ; 10.408 ;        ;        ; 10.408 ;
; INPUT[0]   ; Z           ;        ; 12.929 ; 12.929 ;        ;
; INPUT[1]   ; OUTPUT[0]   ; 9.795  ;        ;        ; 9.795  ;
; INPUT[1]   ; OUTPUT[1]   ; 9.627  ;        ;        ; 9.627  ;
; INPUT[1]   ; OUTPUT[9]   ; 10.530 ;        ;        ; 10.530 ;
; INPUT[1]   ; Z           ;        ; 12.781 ; 12.781 ;        ;
; INPUT[2]   ; OUTPUT[1]   ; 9.796  ;        ;        ; 9.796  ;
; INPUT[2]   ; OUTPUT[2]   ; 9.987  ;        ;        ; 9.987  ;
; INPUT[2]   ; OUTPUT[10]  ; 10.474 ;        ;        ; 10.474 ;
; INPUT[2]   ; Z           ;        ; 12.497 ; 12.497 ;        ;
; INPUT[3]   ; OUTPUT[2]   ; 9.949  ;        ;        ; 9.949  ;
; INPUT[3]   ; OUTPUT[3]   ; 9.548  ;        ;        ; 9.548  ;
; INPUT[3]   ; OUTPUT[11]  ; 10.491 ;        ;        ; 10.491 ;
; INPUT[3]   ; Z           ;        ; 13.136 ; 13.136 ;        ;
; INPUT[4]   ; OUTPUT[3]   ; 10.136 ;        ;        ; 10.136 ;
; INPUT[4]   ; OUTPUT[4]   ; 10.348 ;        ;        ; 10.348 ;
; INPUT[4]   ; OUTPUT[12]  ; 11.061 ;        ;        ; 11.061 ;
; INPUT[4]   ; Z           ;        ; 13.091 ; 13.091 ;        ;
; INPUT[5]   ; OUTPUT[4]   ; 10.370 ;        ;        ; 10.370 ;
; INPUT[5]   ; OUTPUT[5]   ; 11.209 ;        ;        ; 11.209 ;
; INPUT[5]   ; OUTPUT[13]  ; 11.169 ;        ;        ; 11.169 ;
; INPUT[5]   ; Z           ;        ; 13.713 ; 13.713 ;        ;
; INPUT[6]   ; OUTPUT[5]   ; 10.609 ;        ;        ; 10.609 ;
; INPUT[6]   ; OUTPUT[6]   ; 10.878 ;        ;        ; 10.878 ;
; INPUT[6]   ; OUTPUT[14]  ; 10.724 ;        ;        ; 10.724 ;
; INPUT[6]   ; Z           ;        ; 13.113 ; 13.113 ;        ;
; INPUT[7]   ; OUTPUT[6]   ; 10.651 ;        ;        ; 10.651 ;
; INPUT[7]   ; OUTPUT[7]   ; 10.701 ;        ;        ; 10.701 ;
; INPUT[7]   ; OUTPUT[15]  ; 11.363 ;        ;        ; 11.363 ;
; INPUT[7]   ; Z           ;        ; 12.919 ; 12.919 ;        ;
; INPUT[8]   ; OUTPUT[7]   ; 10.547 ;        ;        ; 10.547 ;
; INPUT[8]   ; OUTPUT[8]   ; 10.330 ;        ;        ; 10.330 ;
; INPUT[8]   ; OUTPUT[16]  ; 11.101 ;        ;        ; 11.101 ;
; INPUT[8]   ; Z           ;        ; 13.399 ; 13.399 ;        ;
; INPUT[9]   ; OUTPUT[8]   ; 10.744 ;        ;        ; 10.744 ;
; INPUT[9]   ; OUTPUT[9]   ; 9.949  ;        ;        ; 9.949  ;
; INPUT[9]   ; OUTPUT[17]  ; 10.582 ;        ;        ; 10.582 ;
; INPUT[9]   ; Z           ;        ; 13.265 ; 13.265 ;        ;
; INPUT[10]  ; OUTPUT[9]   ; 10.347 ;        ;        ; 10.347 ;
; INPUT[10]  ; OUTPUT[10]  ; 9.586  ;        ;        ; 9.586  ;
; INPUT[10]  ; OUTPUT[18]  ; 10.791 ;        ;        ; 10.791 ;
; INPUT[10]  ; Z           ;        ; 12.762 ; 12.762 ;        ;
; INPUT[11]  ; OUTPUT[10]  ; 11.042 ;        ;        ; 11.042 ;
; INPUT[11]  ; OUTPUT[11]  ; 10.321 ;        ;        ; 10.321 ;
; INPUT[11]  ; OUTPUT[19]  ; 11.873 ;        ;        ; 11.873 ;
; INPUT[11]  ; Z           ;        ; 14.199 ; 14.199 ;        ;
; INPUT[12]  ; OUTPUT[11]  ; 11.118 ;        ;        ; 11.118 ;
; INPUT[12]  ; OUTPUT[12]  ; 10.420 ;        ;        ; 10.420 ;
; INPUT[12]  ; OUTPUT[20]  ; 10.900 ;        ;        ; 10.900 ;
; INPUT[12]  ; Z           ;        ; 13.763 ; 13.763 ;        ;
; INPUT[13]  ; OUTPUT[12]  ; 10.773 ;        ;        ; 10.773 ;
; INPUT[13]  ; OUTPUT[13]  ; 9.902  ;        ;        ; 9.902  ;
; INPUT[13]  ; OUTPUT[21]  ; 10.818 ;        ;        ; 10.818 ;
; INPUT[13]  ; Z           ;        ; 12.803 ; 12.803 ;        ;
; INPUT[14]  ; OUTPUT[13]  ; 11.473 ;        ;        ; 11.473 ;
; INPUT[14]  ; OUTPUT[14]  ; 10.519 ;        ;        ; 10.519 ;
; INPUT[14]  ; OUTPUT[22]  ; 11.522 ;        ;        ; 11.522 ;
; INPUT[14]  ; Z           ;        ; 13.654 ; 13.654 ;        ;
; INPUT[15]  ; OUTPUT[14]  ; 10.653 ;        ;        ; 10.653 ;
; INPUT[15]  ; OUTPUT[15]  ; 10.343 ;        ;        ; 10.343 ;
; INPUT[15]  ; OUTPUT[23]  ; 11.476 ;        ;        ; 11.476 ;
; INPUT[15]  ; Z           ;        ; 13.638 ; 13.638 ;        ;
; INPUT[16]  ; OUTPUT[15]  ; 12.027 ;        ;        ; 12.027 ;
; INPUT[16]  ; OUTPUT[16]  ; 11.107 ;        ;        ; 11.107 ;
; INPUT[16]  ; OUTPUT[24]  ; 10.683 ;        ;        ; 10.683 ;
; INPUT[16]  ; Z           ;        ; 13.583 ; 13.583 ;        ;
; INPUT[17]  ; OUTPUT[16]  ; 7.362  ;        ;        ; 7.362  ;
; INPUT[17]  ; OUTPUT[17]  ; 6.032  ;        ;        ; 6.032  ;
; INPUT[17]  ; OUTPUT[25]  ; 6.706  ;        ;        ; 6.706  ;
; INPUT[17]  ; Z           ;        ; 9.660  ; 9.660  ;        ;
; INPUT[18]  ; OUTPUT[17]  ; 6.818  ;        ;        ; 6.818  ;
; INPUT[18]  ; OUTPUT[18]  ; 6.138  ;        ;        ; 6.138  ;
; INPUT[18]  ; OUTPUT[26]  ; 6.628  ;        ;        ; 6.628  ;
; INPUT[18]  ; Z           ;        ; 9.374  ; 9.374  ;        ;
; INPUT[19]  ; OUTPUT[18]  ; 6.901  ;        ;        ; 6.901  ;
; INPUT[19]  ; OUTPUT[19]  ; 6.312  ;        ;        ; 6.312  ;
; INPUT[19]  ; OUTPUT[27]  ; 6.561  ;        ;        ; 6.561  ;
; INPUT[19]  ; Z           ;        ; 9.640  ; 9.640  ;        ;
; INPUT[20]  ; OUTPUT[19]  ; 7.486  ;        ;        ; 7.486  ;
; INPUT[20]  ; OUTPUT[20]  ; 6.403  ;        ;        ; 6.403  ;
; INPUT[20]  ; OUTPUT[28]  ; 7.614  ;        ;        ; 7.614  ;
; INPUT[20]  ; Z           ;        ; 9.812  ; 9.812  ;        ;
; INPUT[21]  ; OUTPUT[20]  ; 10.532 ;        ;        ; 10.532 ;
; INPUT[21]  ; OUTPUT[21]  ; 10.402 ;        ;        ; 10.402 ;
; INPUT[21]  ; OUTPUT[29]  ; 11.022 ;        ;        ; 11.022 ;
; INPUT[21]  ; Z           ;        ; 12.807 ; 12.807 ;        ;
; INPUT[22]  ; OUTPUT[21]  ; 10.920 ;        ;        ; 10.920 ;
; INPUT[22]  ; OUTPUT[22]  ; 10.163 ;        ;        ; 10.163 ;
; INPUT[22]  ; OUTPUT[30]  ; 10.178 ;        ;        ; 10.178 ;
; INPUT[22]  ; Z           ;        ; 13.200 ; 13.200 ;        ;
; INPUT[23]  ; N           ; 10.729 ;        ;        ; 10.729 ;
; INPUT[23]  ; OUTPUT[22]  ; 10.921 ;        ;        ; 10.921 ;
; INPUT[23]  ; OUTPUT[23]  ; 10.112 ;        ;        ; 10.112 ;
; INPUT[23]  ; OUTPUT[31]  ; 10.136 ;        ;        ; 10.136 ;
; INPUT[23]  ; Z           ;        ; 13.595 ; 13.595 ;        ;
; INPUT[24]  ; OUTPUT[23]  ; 11.286 ;        ;        ; 11.286 ;
; INPUT[24]  ; OUTPUT[24]  ; 10.038 ;        ;        ; 10.038 ;
; INPUT[24]  ; Z           ;        ; 13.448 ; 13.448 ;        ;
; INPUT[25]  ; OUTPUT[24]  ; 10.981 ;        ;        ; 10.981 ;
; INPUT[25]  ; OUTPUT[25]  ; 10.310 ;        ;        ; 10.310 ;
; INPUT[25]  ; Z           ;        ; 13.878 ; 13.878 ;        ;
; INPUT[26]  ; OUTPUT[25]  ; 10.372 ;        ;        ; 10.372 ;
; INPUT[26]  ; OUTPUT[26]  ; 10.197 ;        ;        ; 10.197 ;
; INPUT[26]  ; Z           ;        ; 12.963 ; 12.963 ;        ;
; INPUT[27]  ; OUTPUT[26]  ; 10.341 ;        ;        ; 10.341 ;
; INPUT[27]  ; OUTPUT[27]  ; 10.089 ;        ;        ; 10.089 ;
; INPUT[27]  ; Z           ;        ; 13.168 ; 13.168 ;        ;
; INPUT[28]  ; OUTPUT[27]  ; 10.234 ;        ;        ; 10.234 ;
; INPUT[28]  ; OUTPUT[28]  ; 11.059 ;        ;        ; 11.059 ;
; INPUT[28]  ; Z           ;        ; 13.313 ; 13.313 ;        ;
; INPUT[29]  ; OUTPUT[28]  ; 11.526 ;        ;        ; 11.526 ;
; INPUT[29]  ; OUTPUT[29]  ; 10.218 ;        ;        ; 10.218 ;
; INPUT[29]  ; Z           ;        ; 12.432 ; 12.432 ;        ;
; INPUT[30]  ; OUTPUT[29]  ; 10.736 ;        ;        ; 10.736 ;
; INPUT[30]  ; OUTPUT[30]  ; 10.531 ;        ;        ; 10.531 ;
; INPUT[30]  ; Z           ;        ; 13.553 ; 13.553 ;        ;
; INPUT[31]  ; N           ; 10.690 ;        ;        ; 10.690 ;
; INPUT[31]  ; OUTPUT[30]  ; 10.798 ;        ;        ; 10.798 ;
; INPUT[31]  ; OUTPUT[31]  ; 10.097 ;        ;        ; 10.097 ;
; INPUT[31]  ; Z           ;        ; 13.820 ; 13.820 ;        ;
; MIR[22]    ; N           ; 10.751 ; 10.751 ; 10.751 ; 10.751 ;
; MIR[22]    ; OUTPUT[0]   ; 10.535 ; 10.535 ; 10.535 ; 10.535 ;
; MIR[22]    ; OUTPUT[1]   ; 10.540 ; 10.540 ; 10.540 ; 10.540 ;
; MIR[22]    ; OUTPUT[2]   ; 10.613 ; 10.613 ; 10.613 ; 10.613 ;
; MIR[22]    ; OUTPUT[3]   ; 10.230 ; 10.230 ; 10.230 ; 10.230 ;
; MIR[22]    ; OUTPUT[4]   ; 10.554 ; 10.554 ; 10.554 ; 10.554 ;
; MIR[22]    ; OUTPUT[5]   ; 11.183 ; 11.183 ; 11.183 ; 11.183 ;
; MIR[22]    ; OUTPUT[6]   ; 10.907 ; 10.907 ; 10.907 ; 10.907 ;
; MIR[22]    ; OUTPUT[7]   ; 10.812 ; 10.812 ; 10.812 ; 10.812 ;
; MIR[22]    ; OUTPUT[8]   ; 11.067 ; 11.067 ; 11.067 ; 11.067 ;
; MIR[22]    ; OUTPUT[9]   ; 11.313 ; 11.313 ; 11.313 ; 11.313 ;
; MIR[22]    ; OUTPUT[10]  ; 11.256 ; 11.256 ; 11.256 ; 11.256 ;
; MIR[22]    ; OUTPUT[11]  ; 11.136 ; 11.136 ; 11.136 ; 11.136 ;
; MIR[22]    ; OUTPUT[12]  ; 11.065 ; 11.065 ; 11.065 ; 11.065 ;
; MIR[22]    ; OUTPUT[13]  ; 10.879 ; 10.879 ; 10.879 ; 10.879 ;
; MIR[22]    ; OUTPUT[14]  ; 10.752 ; 10.752 ; 10.752 ; 10.752 ;
; MIR[22]    ; OUTPUT[15]  ; 11.461 ; 11.461 ; 11.461 ; 11.461 ;
; MIR[22]    ; OUTPUT[16]  ; 11.220 ; 11.220 ; 11.220 ; 11.220 ;
; MIR[22]    ; OUTPUT[17]  ; 11.239 ; 11.239 ; 11.239 ; 11.239 ;
; MIR[22]    ; OUTPUT[18]  ; 11.363 ; 11.363 ; 11.363 ; 11.363 ;
; MIR[22]    ; OUTPUT[19]  ; 11.776 ; 11.776 ; 11.776 ; 11.776 ;
; MIR[22]    ; OUTPUT[20]  ; 10.857 ; 10.857 ; 10.857 ; 10.857 ;
; MIR[22]    ; OUTPUT[21]  ; 11.259 ; 11.259 ; 11.259 ; 11.259 ;
; MIR[22]    ; OUTPUT[22]  ; 10.934 ; 10.934 ; 10.934 ; 10.934 ;
; MIR[22]    ; OUTPUT[23]  ; 11.922 ; 11.922 ; 11.922 ; 11.922 ;
; MIR[22]    ; OUTPUT[24]  ; 11.485 ; 11.485 ; 11.485 ; 11.485 ;
; MIR[22]    ; OUTPUT[25]  ; 11.106 ; 11.106 ; 11.106 ; 11.106 ;
; MIR[22]    ; OUTPUT[26]  ; 11.053 ; 11.053 ; 11.053 ; 11.053 ;
; MIR[22]    ; OUTPUT[27]  ; 11.054 ; 11.054 ; 11.054 ; 11.054 ;
; MIR[22]    ; OUTPUT[28]  ; 11.864 ; 11.864 ; 11.864 ; 11.864 ;
; MIR[22]    ; OUTPUT[29]  ; 11.066 ; 11.066 ; 11.066 ; 11.066 ;
; MIR[22]    ; OUTPUT[30]  ; 10.855 ; 10.855 ; 10.855 ; 10.855 ;
; MIR[22]    ; OUTPUT[31]  ; 10.158 ; 10.158 ; 10.158 ; 10.158 ;
; MIR[22]    ; Z           ; 14.382 ; 14.382 ; 14.382 ; 14.382 ;
; MIR[23]    ; N           ; 11.715 ; 11.715 ; 11.715 ; 11.715 ;
; MIR[23]    ; OUTPUT[0]   ; 10.352 ; 10.352 ; 10.352 ; 10.352 ;
; MIR[23]    ; OUTPUT[1]   ; 10.361 ; 10.361 ; 10.361 ; 10.361 ;
; MIR[23]    ; OUTPUT[2]   ; 10.554 ; 10.554 ; 10.554 ; 10.554 ;
; MIR[23]    ; OUTPUT[3]   ; 10.148 ; 10.148 ; 10.148 ; 10.148 ;
; MIR[23]    ; OUTPUT[4]   ; 10.356 ; 10.356 ; 10.356 ; 10.356 ;
; MIR[23]    ; OUTPUT[5]   ; 11.780 ; 11.780 ; 11.780 ; 11.780 ;
; MIR[23]    ; OUTPUT[6]   ; 11.774 ; 11.774 ; 11.774 ; 11.774 ;
; MIR[23]    ; OUTPUT[7]   ; 11.681 ; 11.681 ; 11.681 ; 11.681 ;
; MIR[23]    ; OUTPUT[8]   ; 11.010 ; 11.010 ; 11.010 ; 11.010 ;
; MIR[23]    ; OUTPUT[9]   ; 11.080 ; 11.080 ; 11.080 ; 11.080 ;
; MIR[23]    ; OUTPUT[10]  ; 11.021 ; 11.021 ; 11.021 ; 11.021 ;
; MIR[23]    ; OUTPUT[11]  ; 11.078 ; 11.078 ; 11.078 ; 11.078 ;
; MIR[23]    ; OUTPUT[12]  ; 12.270 ; 12.270 ; 12.270 ; 12.270 ;
; MIR[23]    ; OUTPUT[13]  ; 11.851 ; 11.851 ; 11.851 ; 11.851 ;
; MIR[23]    ; OUTPUT[14]  ; 11.448 ; 11.448 ; 11.448 ; 11.448 ;
; MIR[23]    ; OUTPUT[15]  ; 12.157 ; 12.157 ; 12.157 ; 12.157 ;
; MIR[23]    ; OUTPUT[16]  ; 11.916 ; 11.916 ; 11.916 ; 11.916 ;
; MIR[23]    ; OUTPUT[17]  ; 11.446 ; 11.446 ; 11.446 ; 11.446 ;
; MIR[23]    ; OUTPUT[18]  ; 11.284 ; 11.284 ; 11.284 ; 11.284 ;
; MIR[23]    ; OUTPUT[19]  ; 12.198 ; 12.198 ; 12.198 ; 12.198 ;
; MIR[23]    ; OUTPUT[20]  ; 12.076 ; 12.076 ; 12.076 ; 12.076 ;
; MIR[23]    ; OUTPUT[21]  ; 12.342 ; 12.342 ; 12.342 ; 12.342 ;
; MIR[23]    ; OUTPUT[22]  ; 11.897 ; 11.897 ; 11.897 ; 11.897 ;
; MIR[23]    ; OUTPUT[23]  ; 12.123 ; 12.123 ; 12.123 ; 12.123 ;
; MIR[23]    ; OUTPUT[24]  ; 11.432 ; 11.432 ; 11.432 ; 11.432 ;
; MIR[23]    ; OUTPUT[25]  ; 11.289 ; 11.289 ; 11.289 ; 11.289 ;
; MIR[23]    ; OUTPUT[26]  ; 11.245 ; 11.245 ; 11.245 ; 11.245 ;
; MIR[23]    ; OUTPUT[27]  ; 10.969 ; 10.969 ; 10.969 ; 10.969 ;
; MIR[23]    ; OUTPUT[28]  ; 12.319 ; 12.319 ; 12.319 ; 12.319 ;
; MIR[23]    ; OUTPUT[29]  ; 12.270 ; 12.270 ; 12.270 ; 12.270 ;
; MIR[23]    ; OUTPUT[30]  ; 12.088 ; 12.088 ; 12.088 ; 12.088 ;
; MIR[23]    ; OUTPUT[31]  ; 11.122 ; 11.122 ; 11.122 ; 11.122 ;
; MIR[23]    ; Z           ; 15.110 ; 15.110 ; 15.110 ; 15.110 ;
+------------+-------------+--------+--------+--------+--------+


+----------------------------------------------------------+
; Minimum Progagation Delay                                ;
+------------+-------------+-------+-------+-------+-------+
; Input Port ; Output Port ; RR    ; RF    ; FR    ; FF    ;
+------------+-------------+-------+-------+-------+-------+
; INPUT[0]   ; OUTPUT[0]   ; 5.355 ;       ;       ; 5.355 ;
; INPUT[0]   ; OUTPUT[8]   ; 5.704 ;       ;       ; 5.704 ;
; INPUT[0]   ; Z           ;       ; 6.052 ; 6.052 ;       ;
; INPUT[1]   ; OUTPUT[0]   ; 5.440 ;       ;       ; 5.440 ;
; INPUT[1]   ; OUTPUT[1]   ; 5.290 ;       ;       ; 5.290 ;
; INPUT[1]   ; OUTPUT[9]   ; 5.675 ;       ;       ; 5.675 ;
; INPUT[1]   ; Z           ;       ; 6.137 ; 6.137 ;       ;
; INPUT[2]   ; OUTPUT[1]   ; 5.363 ;       ;       ; 5.363 ;
; INPUT[2]   ; OUTPUT[2]   ; 5.511 ;       ;       ; 5.511 ;
; INPUT[2]   ; OUTPUT[10]  ; 5.713 ;       ;       ; 5.713 ;
; INPUT[2]   ; Z           ;       ; 6.340 ; 6.340 ;       ;
; INPUT[3]   ; OUTPUT[2]   ; 5.498 ;       ;       ; 5.498 ;
; INPUT[3]   ; OUTPUT[3]   ; 5.329 ;       ;       ; 5.329 ;
; INPUT[3]   ; OUTPUT[11]  ; 5.722 ;       ;       ; 5.722 ;
; INPUT[3]   ; Z           ;       ; 6.528 ; 6.528 ;       ;
; INPUT[4]   ; OUTPUT[3]   ; 5.616 ;       ;       ; 5.616 ;
; INPUT[4]   ; OUTPUT[4]   ; 5.714 ;       ;       ; 5.714 ;
; INPUT[4]   ; OUTPUT[12]  ; 6.021 ;       ;       ; 6.021 ;
; INPUT[4]   ; Z           ;       ; 6.697 ; 6.697 ;       ;
; INPUT[5]   ; OUTPUT[4]   ; 5.732 ;       ;       ; 5.732 ;
; INPUT[5]   ; OUTPUT[5]   ; 6.142 ;       ;       ; 6.142 ;
; INPUT[5]   ; OUTPUT[13]  ; 6.007 ;       ;       ; 6.007 ;
; INPUT[5]   ; Z           ;       ; 6.715 ; 6.715 ;       ;
; INPUT[6]   ; OUTPUT[5]   ; 5.887 ;       ;       ; 5.887 ;
; INPUT[6]   ; OUTPUT[6]   ; 6.026 ;       ;       ; 6.026 ;
; INPUT[6]   ; OUTPUT[14]  ; 5.883 ;       ;       ; 5.883 ;
; INPUT[6]   ; Z           ;       ; 6.773 ; 6.773 ;       ;
; INPUT[7]   ; OUTPUT[6]   ; 5.904 ;       ;       ; 5.904 ;
; INPUT[7]   ; OUTPUT[7]   ; 5.914 ;       ;       ; 5.914 ;
; INPUT[7]   ; OUTPUT[15]  ; 6.189 ;       ;       ; 6.189 ;
; INPUT[7]   ; Z           ;       ; 6.651 ; 6.651 ;       ;
; INPUT[8]   ; OUTPUT[7]   ; 5.836 ;       ;       ; 5.836 ;
; INPUT[8]   ; OUTPUT[8]   ; 5.704 ;       ;       ; 5.704 ;
; INPUT[8]   ; OUTPUT[16]  ; 6.043 ;       ;       ; 6.043 ;
; INPUT[8]   ; Z           ;       ; 6.579 ; 6.579 ;       ;
; INPUT[9]   ; OUTPUT[8]   ; 5.883 ;       ;       ; 5.883 ;
; INPUT[9]   ; OUTPUT[9]   ; 5.462 ;       ;       ; 5.462 ;
; INPUT[9]   ; OUTPUT[17]  ; 5.824 ;       ;       ; 5.824 ;
; INPUT[9]   ; Z           ;       ; 6.500 ; 6.500 ;       ;
; INPUT[10]  ; OUTPUT[9]   ; 5.594 ;       ;       ; 5.594 ;
; INPUT[10]  ; OUTPUT[10]  ; 5.334 ;       ;       ; 5.334 ;
; INPUT[10]  ; OUTPUT[18]  ; 5.873 ;       ;       ; 5.873 ;
; INPUT[10]  ; Z           ;       ; 6.213 ; 6.213 ;       ;
; INPUT[11]  ; OUTPUT[10]  ; 6.045 ;       ;       ; 6.045 ;
; INPUT[11]  ; OUTPUT[11]  ; 5.753 ;       ;       ; 5.753 ;
; INPUT[11]  ; OUTPUT[19]  ; 6.411 ;       ;       ; 6.411 ;
; INPUT[11]  ; Z           ;       ; 6.903 ; 6.903 ;       ;
; INPUT[12]  ; OUTPUT[11]  ; 6.058 ;       ;       ; 6.058 ;
; INPUT[12]  ; OUTPUT[12]  ; 5.751 ;       ;       ; 5.751 ;
; INPUT[12]  ; OUTPUT[20]  ; 5.948 ;       ;       ; 5.948 ;
; INPUT[12]  ; Z           ;       ; 6.645 ; 6.645 ;       ;
; INPUT[13]  ; OUTPUT[12]  ; 5.911 ;       ;       ; 5.911 ;
; INPUT[13]  ; OUTPUT[13]  ; 5.466 ;       ;       ; 5.466 ;
; INPUT[13]  ; OUTPUT[21]  ; 5.932 ;       ;       ; 5.932 ;
; INPUT[13]  ; Z           ;       ; 6.497 ; 6.497 ;       ;
; INPUT[14]  ; OUTPUT[13]  ; 6.158 ;       ;       ; 6.158 ;
; INPUT[14]  ; OUTPUT[14]  ; 5.797 ;       ;       ; 5.797 ;
; INPUT[14]  ; OUTPUT[22]  ; 6.247 ;       ;       ; 6.247 ;
; INPUT[14]  ; Z           ;       ; 6.693 ; 6.693 ;       ;
; INPUT[15]  ; OUTPUT[14]  ; 5.830 ;       ;       ; 5.830 ;
; INPUT[15]  ; OUTPUT[15]  ; 5.741 ;       ;       ; 5.741 ;
; INPUT[15]  ; OUTPUT[23]  ; 6.213 ;       ;       ; 6.213 ;
; INPUT[15]  ; Z           ;       ; 6.384 ; 6.384 ;       ;
; INPUT[16]  ; OUTPUT[15]  ; 6.566 ;       ;       ; 6.566 ;
; INPUT[16]  ; OUTPUT[16]  ; 6.139 ;       ;       ; 6.139 ;
; INPUT[16]  ; OUTPUT[24]  ; 5.795 ;       ;       ; 5.795 ;
; INPUT[16]  ; Z           ;       ; 7.120 ; 7.120 ;       ;
; INPUT[17]  ; OUTPUT[16]  ; 3.754 ;       ;       ; 3.754 ;
; INPUT[17]  ; OUTPUT[17]  ; 3.136 ;       ;       ; 3.136 ;
; INPUT[17]  ; OUTPUT[25]  ; 3.411 ;       ;       ; 3.411 ;
; INPUT[17]  ; Z           ;       ; 4.142 ; 4.142 ;       ;
; INPUT[18]  ; OUTPUT[17]  ; 3.467 ;       ;       ; 3.467 ;
; INPUT[18]  ; OUTPUT[18]  ; 3.186 ;       ;       ; 3.186 ;
; INPUT[18]  ; OUTPUT[26]  ; 3.341 ;       ;       ; 3.341 ;
; INPUT[18]  ; Z           ;       ; 4.032 ; 4.032 ;       ;
; INPUT[19]  ; OUTPUT[18]  ; 3.494 ;       ;       ; 3.494 ;
; INPUT[19]  ; OUTPUT[19]  ; 3.196 ;       ;       ; 3.196 ;
; INPUT[19]  ; OUTPUT[27]  ; 3.346 ;       ;       ; 3.346 ;
; INPUT[19]  ; Z           ;       ; 4.255 ; 4.255 ;       ;
; INPUT[20]  ; OUTPUT[19]  ; 3.789 ;       ;       ; 3.789 ;
; INPUT[20]  ; OUTPUT[20]  ; 3.323 ;       ;       ; 3.323 ;
; INPUT[20]  ; OUTPUT[28]  ; 3.919 ;       ;       ; 3.919 ;
; INPUT[20]  ; Z           ;       ; 4.169 ; 4.169 ;       ;
; INPUT[21]  ; OUTPUT[20]  ; 5.782 ;       ;       ; 5.782 ;
; INPUT[21]  ; OUTPUT[21]  ; 5.734 ;       ;       ; 5.734 ;
; INPUT[21]  ; OUTPUT[29]  ; 6.001 ;       ;       ; 6.001 ;
; INPUT[21]  ; Z           ;       ; 6.528 ; 6.528 ;       ;
; INPUT[22]  ; OUTPUT[21]  ; 5.989 ;       ;       ; 5.989 ;
; INPUT[22]  ; OUTPUT[22]  ; 5.678 ;       ;       ; 5.678 ;
; INPUT[22]  ; OUTPUT[30]  ; 5.603 ;       ;       ; 5.603 ;
; INPUT[22]  ; Z           ;       ; 6.442 ; 6.442 ;       ;
; INPUT[23]  ; N           ; 5.905 ;       ;       ; 5.905 ;
; INPUT[23]  ; OUTPUT[22]  ; 5.961 ;       ;       ; 5.961 ;
; INPUT[23]  ; OUTPUT[23]  ; 5.596 ;       ;       ; 5.596 ;
; INPUT[23]  ; OUTPUT[31]  ; 5.610 ;       ;       ; 5.610 ;
; INPUT[23]  ; Z           ;       ; 6.565 ; 6.565 ;       ;
; INPUT[24]  ; OUTPUT[23]  ; 6.164 ;       ;       ; 6.164 ;
; INPUT[24]  ; OUTPUT[24]  ; 5.564 ;       ;       ; 5.564 ;
; INPUT[24]  ; Z           ;       ; 6.889 ; 6.889 ;       ;
; INPUT[25]  ; OUTPUT[24]  ; 5.954 ;       ;       ; 5.954 ;
; INPUT[25]  ; OUTPUT[25]  ; 5.710 ;       ;       ; 5.710 ;
; INPUT[25]  ; Z           ;       ; 6.870 ; 6.870 ;       ;
; INPUT[26]  ; OUTPUT[25]  ; 5.714 ;       ;       ; 5.714 ;
; INPUT[26]  ; OUTPUT[26]  ; 5.599 ;       ;       ; 5.599 ;
; INPUT[26]  ; Z           ;       ; 6.874 ; 6.874 ;       ;
; INPUT[27]  ; OUTPUT[26]  ; 5.664 ;       ;       ; 5.664 ;
; INPUT[27]  ; OUTPUT[27]  ; 5.612 ;       ;       ; 5.612 ;
; INPUT[27]  ; Z           ;       ; 6.940 ; 6.940 ;       ;
; INPUT[28]  ; OUTPUT[27]  ; 5.646 ;       ;       ; 5.646 ;
; INPUT[28]  ; OUTPUT[28]  ; 6.095 ;       ;       ; 6.095 ;
; INPUT[28]  ; Z           ;       ; 6.435 ; 6.435 ;       ;
; INPUT[29]  ; OUTPUT[28]  ; 6.267 ;       ;       ; 6.267 ;
; INPUT[29]  ; OUTPUT[29]  ; 5.664 ;       ;       ; 5.664 ;
; INPUT[29]  ; Z           ;       ; 6.429 ; 6.429 ;       ;
; INPUT[30]  ; OUTPUT[29]  ; 5.906 ;       ;       ; 5.906 ;
; INPUT[30]  ; OUTPUT[30]  ; 5.740 ;       ;       ; 5.740 ;
; INPUT[30]  ; Z           ;       ; 6.671 ; 6.671 ;       ;
; INPUT[31]  ; N           ; 5.886 ;       ;       ; 5.886 ;
; INPUT[31]  ; OUTPUT[30]  ; 5.832 ;       ;       ; 5.832 ;
; INPUT[31]  ; OUTPUT[31]  ; 5.591 ;       ;       ; 5.591 ;
; INPUT[31]  ; Z           ;       ; 7.216 ; 7.216 ;       ;
; MIR[22]    ; N           ; 5.948 ; 5.948 ; 5.948 ; 5.948 ;
; MIR[22]    ; OUTPUT[0]   ; 5.849 ; 5.849 ; 5.849 ; 5.849 ;
; MIR[22]    ; OUTPUT[1]   ; 5.775 ; 5.775 ; 5.775 ; 5.775 ;
; MIR[22]    ; OUTPUT[2]   ; 5.849 ; 5.849 ; 5.849 ; 5.849 ;
; MIR[22]    ; OUTPUT[3]   ; 5.691 ; 5.691 ; 5.691 ; 5.691 ;
; MIR[22]    ; OUTPUT[4]   ; 5.858 ; 5.858 ; 5.858 ; 5.858 ;
; MIR[22]    ; OUTPUT[5]   ; 6.150 ; 6.150 ; 6.150 ; 6.150 ;
; MIR[22]    ; OUTPUT[6]   ; 6.051 ; 6.051 ; 6.051 ; 6.051 ;
; MIR[22]    ; OUTPUT[7]   ; 5.983 ; 5.983 ; 5.983 ; 5.983 ;
; MIR[22]    ; OUTPUT[8]   ; 5.768 ; 5.768 ; 5.768 ; 5.768 ;
; MIR[22]    ; OUTPUT[9]   ; 5.797 ; 5.797 ; 5.797 ; 5.797 ;
; MIR[22]    ; OUTPUT[10]  ; 5.838 ; 5.838 ; 5.838 ; 5.838 ;
; MIR[22]    ; OUTPUT[11]  ; 5.696 ; 5.696 ; 5.696 ; 5.696 ;
; MIR[22]    ; OUTPUT[12]  ; 5.778 ; 5.778 ; 5.778 ; 5.778 ;
; MIR[22]    ; OUTPUT[13]  ; 5.603 ; 5.603 ; 5.603 ; 5.603 ;
; MIR[22]    ; OUTPUT[14]  ; 5.815 ; 5.815 ; 5.815 ; 5.815 ;
; MIR[22]    ; OUTPUT[15]  ; 6.078 ; 6.078 ; 6.078 ; 6.078 ;
; MIR[22]    ; OUTPUT[16]  ; 5.832 ; 5.832 ; 5.832 ; 5.832 ;
; MIR[22]    ; OUTPUT[17]  ; 5.900 ; 5.900 ; 5.900 ; 5.900 ;
; MIR[22]    ; OUTPUT[18]  ; 5.910 ; 5.910 ; 5.910 ; 5.910 ;
; MIR[22]    ; OUTPUT[19]  ; 5.911 ; 5.911 ; 5.911 ; 5.911 ;
; MIR[22]    ; OUTPUT[20]  ; 5.832 ; 5.832 ; 5.832 ; 5.832 ;
; MIR[22]    ; OUTPUT[21]  ; 5.792 ; 5.792 ; 5.792 ; 5.792 ;
; MIR[22]    ; OUTPUT[22]  ; 5.693 ; 5.693 ; 5.693 ; 5.693 ;
; MIR[22]    ; OUTPUT[23]  ; 5.722 ; 5.722 ; 5.722 ; 5.722 ;
; MIR[22]    ; OUTPUT[24]  ; 5.920 ; 5.920 ; 5.920 ; 5.920 ;
; MIR[22]    ; OUTPUT[25]  ; 5.975 ; 5.975 ; 5.975 ; 5.975 ;
; MIR[22]    ; OUTPUT[26]  ; 5.842 ; 5.842 ; 5.842 ; 5.842 ;
; MIR[22]    ; OUTPUT[27]  ; 5.832 ; 5.832 ; 5.832 ; 5.832 ;
; MIR[22]    ; OUTPUT[28]  ; 6.157 ; 6.157 ; 6.157 ; 6.157 ;
; MIR[22]    ; OUTPUT[29]  ; 5.854 ; 5.854 ; 5.854 ; 5.854 ;
; MIR[22]    ; OUTPUT[30]  ; 5.607 ; 5.892 ; 5.892 ; 5.607 ;
; MIR[22]    ; OUTPUT[31]  ; 5.653 ; 5.653 ; 5.653 ; 5.653 ;
; MIR[22]    ; Z           ; 6.457 ; 6.457 ; 6.457 ; 6.457 ;
; MIR[23]    ; N           ; 6.457 ; 6.457 ; 6.457 ; 6.457 ;
; MIR[23]    ; OUTPUT[0]   ; 5.761 ; 5.761 ; 5.761 ; 5.761 ;
; MIR[23]    ; OUTPUT[1]   ; 5.692 ; 5.692 ; 5.692 ; 5.692 ;
; MIR[23]    ; OUTPUT[2]   ; 5.841 ; 5.841 ; 5.841 ; 5.841 ;
; MIR[23]    ; OUTPUT[3]   ; 5.667 ; 5.667 ; 5.667 ; 5.667 ;
; MIR[23]    ; OUTPUT[4]   ; 5.764 ; 5.764 ; 5.764 ; 5.764 ;
; MIR[23]    ; OUTPUT[5]   ; 6.485 ; 6.485 ; 6.485 ; 6.485 ;
; MIR[23]    ; OUTPUT[6]   ; 6.508 ; 6.508 ; 6.508 ; 6.508 ;
; MIR[23]    ; OUTPUT[7]   ; 6.441 ; 6.441 ; 6.441 ; 6.441 ;
; MIR[23]    ; OUTPUT[8]   ; 5.761 ; 5.761 ; 5.761 ; 5.761 ;
; MIR[23]    ; OUTPUT[9]   ; 5.703 ; 5.703 ; 5.703 ; 5.703 ;
; MIR[23]    ; OUTPUT[10]  ; 5.732 ; 5.732 ; 5.732 ; 5.732 ;
; MIR[23]    ; OUTPUT[11]  ; 5.679 ; 5.679 ; 5.679 ; 5.679 ;
; MIR[23]    ; OUTPUT[12]  ; 6.288 ; 6.288 ; 6.288 ; 6.288 ;
; MIR[23]    ; OUTPUT[13]  ; 6.230 ; 6.230 ; 6.230 ; 6.230 ;
; MIR[23]    ; OUTPUT[14]  ; 6.072 ; 6.072 ; 6.072 ; 6.072 ;
; MIR[23]    ; OUTPUT[15]  ; 6.331 ; 6.331 ; 6.331 ; 6.331 ;
; MIR[23]    ; OUTPUT[16]  ; 6.203 ; 6.203 ; 6.203 ; 6.203 ;
; MIR[23]    ; OUTPUT[17]  ; 5.876 ; 5.876 ; 5.876 ; 5.876 ;
; MIR[23]    ; OUTPUT[18]  ; 5.881 ; 5.881 ; 5.881 ; 5.881 ;
; MIR[23]    ; OUTPUT[19]  ; 5.887 ; 5.887 ; 5.887 ; 5.887 ;
; MIR[23]    ; OUTPUT[20]  ; 6.261 ; 6.261 ; 6.261 ; 6.261 ;
; MIR[23]    ; OUTPUT[21]  ; 6.302 ; 6.302 ; 6.302 ; 6.302 ;
; MIR[23]    ; OUTPUT[22]  ; 6.326 ; 6.326 ; 6.326 ; 6.326 ;
; MIR[23]    ; OUTPUT[23]  ; 6.151 ; 6.151 ; 6.151 ; 6.151 ;
; MIR[23]    ; OUTPUT[24]  ; 5.896 ; 5.896 ; 5.896 ; 5.896 ;
; MIR[23]    ; OUTPUT[25]  ; 5.936 ; 5.936 ; 5.936 ; 5.936 ;
; MIR[23]    ; OUTPUT[26]  ; 5.939 ; 5.939 ; 5.939 ; 5.939 ;
; MIR[23]    ; OUTPUT[27]  ; 5.952 ; 5.952 ; 5.952 ; 5.952 ;
; MIR[23]    ; OUTPUT[28]  ; 6.412 ; 6.412 ; 6.412 ; 6.412 ;
; MIR[23]    ; OUTPUT[29]  ; 6.108 ; 6.108 ; 6.108 ; 6.108 ;
; MIR[23]    ; OUTPUT[30]  ; 6.520 ; 6.118 ; 6.118 ; 6.520 ;
; MIR[23]    ; OUTPUT[31]  ; 6.162 ; 6.162 ; 6.162 ; 6.162 ;
; MIR[23]    ; Z           ; 6.458 ; 6.458 ; 6.458 ; 6.458 ;
+------------+-------------+-------+-------+-------+-------+


-------------------
; Clock Transfers ;
-------------------
Nothing to report.


---------------
; Report TCCS ;
---------------
No dedicated SERDES Transmitter circuitry present in device or used in design


---------------
; Report RSKM ;
---------------
No dedicated SERDES Receiver circuitry present in device or used in design


+------------------------------------------------+
; Unconstrained Paths                            ;
+---------------------------------+-------+------+
; Property                        ; Setup ; Hold ;
+---------------------------------+-------+------+
; Illegal Clocks                  ; 0     ; 0    ;
; Unconstrained Clocks            ; 0     ; 0    ;
; Unconstrained Input Ports       ; 34    ; 34   ;
; Unconstrained Input Port Paths  ; 189   ; 189  ;
; Unconstrained Output Ports      ; 34    ; 34   ;
; Unconstrained Output Port Paths ; 189   ; 189  ;
+---------------------------------+-------+------+


+------------------------------------+
; TimeQuest Timing Analyzer Messages ;
+------------------------------------+
Info: *******************************************************************
Info: Running Quartus II 32-bit TimeQuest Timing Analyzer
    Info: Version 13.0.1 Build 232 06/12/2013 Service Pack 1 SJ Web Edition
    Info: Processing started: Fri Aug 14 10:43:22 2026
Info: Command: quartus_sta MIC1 -c MIC1
Info: qsta_default_script.tcl version: #1
Warning (20028): Parallel compilation is not licensed and has been disabled
Critical Warning (332012): Synopsys Design Constraints File file not found: 'MIC1.sdc'. A Synopsys Design Constraints File is required by the TimeQuest Timing Analyzer to get proper timing constraints. Without it, the Compiler will not properly optimize the design.
Info (332142): No user constrained base clocks found in the design. Calling "derive_clocks -period 1.0"
Info (332096): The command derive_clocks did not find any clocks to derive.  No clocks were created or changed.
Warning (332068): No clocks defined in design.
Info: Found TIMEQUEST_REPORT_SCRIPT_INCLUDE_DEFAULT_ANALYSIS = ON
Info (332159): No clocks to report
Info: Analyzing Slow Model
Info (332140): No fmax paths to report
Info (332140): No Setup paths to report
Info (332140): No Hold paths to report
Info (332140): No Recovery paths to report
Info (332140): No Removal paths to report
Info (332140): No Minimum Pulse Width paths to report
Info (332001): The selected device family is not supported by the report_metastability command.
Info: Analyzing Fast Model
Info (332142): No user constrained base clocks found in the design. Calling "derive_clocks -period 1.0"
Info (332096): The command derive_clocks did not find any clocks to derive.  No clocks were created or changed.
Warning (332068): No clocks defined in design.
Info (332140): No Setup paths to report
Info (332140): No Hold paths to report
Info (332140): No Recovery paths to report
Info (332140): No Removal paths to report
Info (332140): No Minimum Pulse Width paths to report
Info (332001): The selected device family is not supported by the report_metastability command.
Info (332102): Design is not fully constrained for setup requirements
Info (332102): Design is not fully constrained for hold requirements
Info: Quartus II 32-bit TimeQuest Timing Analyzer was successful. 0 errors, 4 warnings
    Info: Peak virtual memory: 334 megabytes
    Info: Processing ended: Fri Aug 14 10:43:23 2026
    Info: Elapsed time: 00:00:01
    Info: Total CPU time (on all processors): 00:00:01


